2026.03.18 20:18:21 INFO  Started: Metals version 1.5.2 in folders '/home/joe/projects/site/backend' for client Neovim 0.12.0-dev+g1eb2ca9fcf.
2026.03.18 20:18:21 INFO  Selected port 5031
Mar 18, 2026 8:18:21 PM io.undertow.Undertow start
INFO: starting server: Undertow - 2.2.20.Final
Mar 18, 2026 8:18:21 PM org.xnio.Xnio <clinit>
INFO: XNIO version 3.8.16.Final
Mar 18, 2026 8:18:21 PM org.xnio.nio.NioXnio <clinit>
INFO: XNIO NIO Implementation Version 3.8.16.Final
Mar 18, 2026 8:18:21 PM org.jboss.threads.Version <clinit>
INFO: JBoss Threads version 3.1.0.Final
2026.03.18 20:18:21 INFO  Started Metals http server at http://127.0.0.1:5031
2026.03.18 20:18:34 INFO  running '/usr/bin/sbt -Dbloop.export-jar-classifiers=sources bloopInstall'
2026.03.18 20:18:34 ERROR [info] [launcher] getting org.scala-sbt sbt 1.12.5  (this may take some time)...
2026.03.18 20:18:37 INFO  [info] welcome to sbt 1.12.5 (Arch Linux Java 25.0.2)
2026.03.18 20:18:37 INFO  [info] loading settings for project backend-build-build-build from metals.sbt...
2026.03.18 20:18:37 INFO  [info] loading project definition from /home/joe/projects/site/backend/project/project/project
2026.03.18 20:18:39 INFO  [info] loading settings for project backend-build-build from metals.sbt...
2026.03.18 20:18:39 INFO  [info] loading project definition from /home/joe/projects/site/backend/project/project
2026.03.18 20:18:40 INFO  [success] Generated .bloop/backend-build-build.json
2026.03.18 20:18:40 INFO  [success] Total time: 1 s, completed Mar 18, 2026, 8:18:40 PM
2026.03.18 20:18:40 INFO  [info] loading settings for project backend-build from metals.sbt, plugins.sbt...
2026.03.18 20:18:40 INFO  [info] loading project definition from /home/joe/projects/site/backend/project
2026.03.18 20:18:43 INFO  [success] Generated .bloop/backend-build.json
2026.03.18 20:18:43 INFO  [success] Total time: 3 s, completed Mar 18, 2026, 8:18:43 PM
2026.03.18 20:18:43 INFO  [info] loading settings for project root from build.sbt...
2026.03.18 20:18:43 INFO  [info]   __              __
2026.03.18 20:18:43 INFO  [info]   \ \     ____   / /____ _ __  __
2026.03.18 20:18:43 INFO  [info]    \ \   / __ \ / // __ `// / / /
2026.03.18 20:18:43 INFO  [info]    / /  / /_/ // // /_/ // /_/ /
2026.03.18 20:18:43 INFO  [info]   /_/  / .___//_/ \__,_/ \__, /
2026.03.18 20:18:43 INFO  [info]       /_/               /____/
2026.03.18 20:18:43 INFO  [info] 
2026.03.18 20:18:43 INFO  [info] Version 3.0.10 running Java 25.0.2
2026.03.18 20:18:43 INFO  [info] 
2026.03.18 20:18:43 INFO  [info] Play is run entirely by the community. Please consider contributing and/or donating:
2026.03.18 20:18:43 INFO  [info] https://www.playframework.com/sponsors
2026.03.18 20:18:43 INFO  [info] 
2026.03.18 20:18:52 INFO  [success] Generated .bloop/root.json
2026.03.18 20:18:52 INFO  [success] Generated .bloop/root-test.json
2026.03.18 20:18:52 INFO  [success] Total time: 8 s, completed Mar 18, 2026, 8:18:52 PM
2026.03.18 20:18:53 INFO  time: ran 'sbt bloopInstall' in 18s
2026.03.18 20:18:53 INFO  Attempting to connect to the build server...
2026.03.18 20:18:53 INFO  Found a Bloop server running
2026.03.18 20:18:53 INFO  tracing is disabled for protocol BSP, to enable tracing of incoming and outgoing JSON messages create an empty file at /home/joe/projects/site/backend/.metals/bsp.trace.json or /home/joe/.cache/metals/bsp.trace.json
2026.03.18 20:18:55 INFO  Attempting to connect to the build server...
2026.03.18 20:18:55 INFO  Found a Bloop server running
2026.03.18 20:18:55 INFO  Attempting to connect to the build server...
2026.03.18 20:18:55 INFO  Found a Bloop server running
2026.03.18 20:18:55 INFO  tracing is disabled for protocol BSP, to enable tracing of incoming and outgoing JSON messages create an empty file at /home/joe/projects/site/backend/project/project/.metals/bsp.trace.json or /home/joe/.cache/metals/bsp.trace.json
2026.03.18 20:18:55 INFO  tracing is disabled for protocol BSP, to enable tracing of incoming and outgoing JSON messages create an empty file at /home/joe/projects/site/backend/project/.metals/bsp.trace.json or /home/joe/.cache/metals/bsp.trace.json
2026.03.18 20:18:57 INFO  time: Connected to build server in 4.38s
2026.03.18 20:18:57 INFO  Connected to Build server: Bloop v2.0.19
2026.03.18 20:18:58 ERROR Error downloading Dependency{module=Module(org.scalameta, mtags_2.13.18), version='1.5.2', exclusions=[], configuration='', publication=null, transitive=true, overrides={}}
coursierapi.error.SimpleResolutionError$1: Error downloading org.scalameta:mtags_2.13.18:1.5.2
  not found: /home/joe/.ivy2/local/org.scalameta/mtags_2.13.18/1.5.2/ivys/ivy.xml
  not found: https://repo1.maven.org/maven2/org/scalameta/mtags_2.13.18/1.5.2/mtags_2.13.18-1.5.2.pom
  not found: /home/joe/.m2/repository/org/scalameta/mtags_2.13.18/1.5.2/mtags_2.13.18-1.5.2.pom
  not found: https://oss.sonatype.org/content/repositories/public/org/scalameta/mtags_2.13.18/1.5.2/mtags_2.13.18-1.5.2.pom
  not found: https://oss.sonatype.org/content/repositories/snapshots/org/scalameta/mtags_2.13.18/1.5.2/mtags_2.13.18-1.5.2.pom
	at coursierapi.error.SimpleResolutionError.of(SimpleResolutionError.java:11)
	at coursierapi.shaded.coursier.internal.api.ApiHelper$.simpleResError(ApiHelper.scala:451)
	at coursierapi.shaded.coursier.internal.api.ApiHelper$.doFetch(ApiHelper.scala:495)
	at coursierapi.shaded.coursier.internal.api.ApiHelper.doFetch(ApiHelper.scala)
	at coursierapi.Fetch.fetchResult(Fetch.java:239)
	at coursierapi.Fetch.fetch(Fetch.java:234)
	at scala.meta.internal.metals.Embedded$.downloadDependency(Embedded.scala:404)
	at scala.meta.internal.metals.Embedded$.downloadMtags(Embedded.scala:453)
	at scala.meta.internal.metals.MtagsResolver$Default.$anonfun$resolve$3(MtagsResolver.scala:166)
	at scala.concurrent.Future$.$anonfun$apply$1(Future.scala:687)
	at scala.concurrent.impl.Promise$Transformation.run(Promise.scala:467)
	at java.util.concurrent.ThreadPoolExecutor.runWorker(ThreadPoolExecutor.java:1090)
	at java.util.concurrent.ThreadPoolExecutor$Worker.run(ThreadPoolExecutor.java:614)
	at java.lang.Thread.run(Thread.java:1474)

2026.03.18 20:18:58 INFO  Found coursier in path under /home/joe/.local/share/coursier/bin/cs, using it to fetch dependency
2026.03.18 20:18:58 ERROR Downloading https://repo1.maven.org/maven2/org/scalameta/mtags_2.13.18/1.5.2/mtags_2.13.18-1.5.2.pom
2026.03.18 20:18:58 ERROR Failed to download https://repo1.maven.org/maven2/org/scalameta/mtags_2.13.18/1.5.2/mtags_2.13.18-1.5.2.pom
2026.03.18 20:18:58 ERROR Downloading https://repo1.maven.org/maven2/org/scalameta/mtags_2.13.18/1.5.2/mtags_2.13.18-1.5.2.pom.sha1
2026.03.18 20:18:58 ERROR Failed to download https://repo1.maven.org/maven2/org/scalameta/mtags_2.13.18/1.5.2/mtags_2.13.18-1.5.2.pom.sha1
2026.03.18 20:18:58 ERROR Resolution error: Error downloading org.scalameta:mtags_2.13.18:1.5.2
2026.03.18 20:18:58 ERROR   not found: /home/joe/.ivy2/local/org.scalameta/mtags_2.13.18/1.5.2/ivys/ivy.xml
2026.03.18 20:18:58 ERROR   not found: https://repo1.maven.org/maven2/org/scalameta/mtags_2.13.18/1.5.2/mtags_2.13.18-1.5.2.pom
2026.03.18 20:18:58 ERROR Error downloading Dependency{module=Module(org.scalameta, mtags_2.13.18), version='1.5.2', exclusions=[], configuration='', publication=null, transitive=true, overrides={}}
coursierapi.error.SimpleResolutionError$1: Error downloading org.scalameta:mtags_2.13.18:1.5.2
  not found: /home/joe/.ivy2/local/org.scalameta/mtags_2.13.18/1.5.2/ivys/ivy.xml
  not found: https://repo1.maven.org/maven2/org/scalameta/mtags_2.13.18/1.5.2/mtags_2.13.18-1.5.2.pom
  not found: /home/joe/.m2/repository/org/scalameta/mtags_2.13.18/1.5.2/mtags_2.13.18-1.5.2.pom
  not found: https://oss.sonatype.org/content/repositories/public/org/scalameta/mtags_2.13.18/1.5.2/mtags_2.13.18-1.5.2.pom
  not found: https://oss.sonatype.org/content/repositories/snapshots/org/scalameta/mtags_2.13.18/1.5.2/mtags_2.13.18-1.5.2.pom
	at coursierapi.error.SimpleResolutionError.of(SimpleResolutionError.java:11)
	at coursierapi.shaded.coursier.internal.api.ApiHelper$.simpleResError(ApiHelper.scala:451)
	at coursierapi.shaded.coursier.internal.api.ApiHelper$.doFetch(ApiHelper.scala:495)
	at coursierapi.shaded.coursier.internal.api.ApiHelper.doFetch(ApiHelper.scala)
	at coursierapi.Fetch.fetchResult(Fetch.java:239)
	at coursierapi.Fetch.fetch(Fetch.java:234)
	at scala.meta.internal.metals.Embedded$.downloadDependency(Embedded.scala:404)
	at scala.meta.internal.metals.Embedded$.downloadMtags(Embedded.scala:453)
	at scala.meta.internal.metals.MtagsResolver$Default.$anonfun$resolve$3(MtagsResolver.scala:166)
	at scala.concurrent.Future$.$anonfun$apply$1(Future.scala:687)
	at scala.concurrent.impl.Promise$Transformation.run(Promise.scala:467)
	at java.util.concurrent.ThreadPoolExecutor.runWorker(ThreadPoolExecutor.java:1090)
	at java.util.concurrent.ThreadPoolExecutor$Worker.run(ThreadPoolExecutor.java:614)
	at java.lang.Thread.run(Thread.java:1474)

2026.03.18 20:18:58 INFO  Found coursier in path under /home/joe/.local/share/coursier/bin/cs, using it to fetch dependency
2026.03.18 20:18:59 ERROR Downloading https://repo1.maven.org/maven2/org/scalameta/mtags_2.13.18/1.5.2/mtags_2.13.18-1.5.2.pom
2026.03.18 20:18:59 ERROR Failed to download https://repo1.maven.org/maven2/org/scalameta/mtags_2.13.18/1.5.2/mtags_2.13.18-1.5.2.pom
2026.03.18 20:18:59 ERROR Downloading https://repo1.maven.org/maven2/org/scalameta/mtags_2.13.18/1.5.2/mtags_2.13.18-1.5.2.pom.sha1
2026.03.18 20:18:59 ERROR Failed to download https://repo1.maven.org/maven2/org/scalameta/mtags_2.13.18/1.5.2/mtags_2.13.18-1.5.2.pom.sha1
2026.03.18 20:18:59 ERROR Resolution error: Error downloading org.scalameta:mtags_2.13.18:1.5.2
2026.03.18 20:18:59 ERROR   not found: /home/joe/.ivy2/local/org.scalameta/mtags_2.13.18/1.5.2/ivys/ivy.xml
2026.03.18 20:18:59 ERROR   not found: https://repo1.maven.org/maven2/org/scalameta/mtags_2.13.18/1.5.2/mtags_2.13.18-1.5.2.pom
2026.03.18 20:19:00 ERROR Error downloading Dependency{module=Module(org.scalameta, mtags_2.13.18), version='1.5.2', exclusions=[], configuration='', publication=null, transitive=true, overrides={}}
coursierapi.error.SimpleResolutionError$1: Error downloading org.scalameta:mtags_2.13.18:1.5.2
  not found: /home/joe/.ivy2/local/org.scalameta/mtags_2.13.18/1.5.2/ivys/ivy.xml
  not found: https://repo1.maven.org/maven2/org/scalameta/mtags_2.13.18/1.5.2/mtags_2.13.18-1.5.2.pom
  not found: /home/joe/.m2/repository/org/scalameta/mtags_2.13.18/1.5.2/mtags_2.13.18-1.5.2.pom
  not found: https://oss.sonatype.org/content/repositories/public/org/scalameta/mtags_2.13.18/1.5.2/mtags_2.13.18-1.5.2.pom
  not found: https://oss.sonatype.org/content/repositories/snapshots/org/scalameta/mtags_2.13.18/1.5.2/mtags_2.13.18-1.5.2.pom
	at coursierapi.error.SimpleResolutionError.of(SimpleResolutionError.java:11)
	at coursierapi.shaded.coursier.internal.api.ApiHelper$.simpleResError(ApiHelper.scala:451)
	at coursierapi.shaded.coursier.internal.api.ApiHelper$.doFetch(ApiHelper.scala:495)
	at coursierapi.shaded.coursier.internal.api.ApiHelper.doFetch(ApiHelper.scala)
	at coursierapi.Fetch.fetchResult(Fetch.java:239)
	at coursierapi.Fetch.fetch(Fetch.java:234)
	at scala.meta.internal.metals.Embedded$.downloadDependency(Embedded.scala:404)
	at scala.meta.internal.metals.Embedded$.downloadMtags(Embedded.scala:453)
	at scala.meta.internal.metals.MtagsResolver$Default.$anonfun$resolve$3(MtagsResolver.scala:166)
	at scala.concurrent.Future$.$anonfun$apply$1(Future.scala:687)
	at scala.concurrent.impl.Promise$Transformation.run(Promise.scala:467)
	at java.util.concurrent.ThreadPoolExecutor.runWorker(ThreadPoolExecutor.java:1090)
	at java.util.concurrent.ThreadPoolExecutor$Worker.run(ThreadPoolExecutor.java:614)
	at java.lang.Thread.run(Thread.java:1474)

2026.03.18 20:19:00 INFO  Found coursier in path under /home/joe/.local/share/coursier/bin/cs, using it to fetch dependency
2026.03.18 20:19:00 ERROR Downloading https://repo1.maven.org/maven2/org/scalameta/mtags_2.13.18/1.5.2/mtags_2.13.18-1.5.2.pom
2026.03.18 20:19:00 ERROR Failed to download https://repo1.maven.org/maven2/org/scalameta/mtags_2.13.18/1.5.2/mtags_2.13.18-1.5.2.pom
2026.03.18 20:19:00 ERROR Downloading https://repo1.maven.org/maven2/org/scalameta/mtags_2.13.18/1.5.2/mtags_2.13.18-1.5.2.pom.sha1
2026.03.18 20:19:00 ERROR Failed to download https://repo1.maven.org/maven2/org/scalameta/mtags_2.13.18/1.5.2/mtags_2.13.18-1.5.2.pom.sha1
2026.03.18 20:19:00 ERROR Resolution error: Error downloading org.scalameta:mtags_2.13.18:1.5.2
2026.03.18 20:19:00 ERROR   not found: /home/joe/.ivy2/local/org.scalameta/mtags_2.13.18/1.5.2/ivys/ivy.xml
2026.03.18 20:19:00 ERROR   not found: https://repo1.maven.org/maven2/org/scalameta/mtags_2.13.18/1.5.2/mtags_2.13.18-1.5.2.pom
2026.03.18 20:19:00 ERROR Error downloading Dependency{module=Module(org.scalameta, mtags_2.13.18), version='1.5.2', exclusions=[], configuration='', publication=null, transitive=true, overrides={}}
coursierapi.error.SimpleResolutionError$1: Error downloading org.scalameta:mtags_2.13.18:1.5.2
  not found: /home/joe/.ivy2/local/org.scalameta/mtags_2.13.18/1.5.2/ivys/ivy.xml
  not found: https://repo1.maven.org/maven2/org/scalameta/mtags_2.13.18/1.5.2/mtags_2.13.18-1.5.2.pom
  not found: /home/joe/.m2/repository/org/scalameta/mtags_2.13.18/1.5.2/mtags_2.13.18-1.5.2.pom
  not found: https://oss.sonatype.org/content/repositories/public/org/scalameta/mtags_2.13.18/1.5.2/mtags_2.13.18-1.5.2.pom
  not found: https://oss.sonatype.org/content/repositories/snapshots/org/scalameta/mtags_2.13.18/1.5.2/mtags_2.13.18-1.5.2.pom
	at coursierapi.error.SimpleResolutionError.of(SimpleResolutionError.java:11)
	at coursierapi.shaded.coursier.internal.api.ApiHelper$.simpleResError(ApiHelper.scala:451)
	at coursierapi.shaded.coursier.internal.api.ApiHelper$.doFetch(ApiHelper.scala:495)
	at coursierapi.shaded.coursier.internal.api.ApiHelper.doFetch(ApiHelper.scala)
	at coursierapi.Fetch.fetchResult(Fetch.java:239)
	at coursierapi.Fetch.fetch(Fetch.java:234)
	at scala.meta.internal.metals.Embedded$.downloadDependency(Embedded.scala:404)
	at scala.meta.internal.metals.Embedded$.downloadMtags(Embedded.scala:453)
	at scala.meta.internal.metals.MtagsResolver$Default.$anonfun$resolve$3(MtagsResolver.scala:166)
	at scala.concurrent.Future$.$anonfun$apply$1(Future.scala:687)
	at scala.concurrent.impl.Promise$Transformation.run(Promise.scala:467)
	at java.util.concurrent.ThreadPoolExecutor.runWorker(ThreadPoolExecutor.java:1090)
	at java.util.concurrent.ThreadPoolExecutor$Worker.run(ThreadPoolExecutor.java:614)
	at java.lang.Thread.run(Thread.java:1474)

2026.03.18 20:19:00 INFO  Found coursier in path under /home/joe/.local/share/coursier/bin/cs, using it to fetch dependency
2026.03.18 20:19:01 ERROR Downloading https://repo1.maven.org/maven2/org/scalameta/mtags_2.13.18/1.5.2/mtags_2.13.18-1.5.2.pom
2026.03.18 20:19:01 ERROR Failed to download https://repo1.maven.org/maven2/org/scalameta/mtags_2.13.18/1.5.2/mtags_2.13.18-1.5.2.pom
2026.03.18 20:19:01 ERROR Downloading https://repo1.maven.org/maven2/org/scalameta/mtags_2.13.18/1.5.2/mtags_2.13.18-1.5.2.pom.sha1
2026.03.18 20:19:01 ERROR Failed to download https://repo1.maven.org/maven2/org/scalameta/mtags_2.13.18/1.5.2/mtags_2.13.18-1.5.2.pom.sha1
2026.03.18 20:19:01 ERROR Resolution error: Error downloading org.scalameta:mtags_2.13.18:1.5.2
2026.03.18 20:19:01 ERROR   not found: /home/joe/.ivy2/local/org.scalameta/mtags_2.13.18/1.5.2/ivys/ivy.xml
2026.03.18 20:19:01 ERROR   not found: https://repo1.maven.org/maven2/org/scalameta/mtags_2.13.18/1.5.2/mtags_2.13.18-1.5.2.pom
2026.03.18 20:19:02 ERROR Error downloading Dependency{module=Module(org.scalameta, mtags_2.13.18), version='1.5.2', exclusions=[], configuration='', publication=null, transitive=true, overrides={}}
coursierapi.error.SimpleResolutionError$1: Error downloading org.scalameta:mtags_2.13.18:1.5.2
  not found: /home/joe/.ivy2/local/org.scalameta/mtags_2.13.18/1.5.2/ivys/ivy.xml
  not found: https://repo1.maven.org/maven2/org/scalameta/mtags_2.13.18/1.5.2/mtags_2.13.18-1.5.2.pom
  not found: /home/joe/.m2/repository/org/scalameta/mtags_2.13.18/1.5.2/mtags_2.13.18-1.5.2.pom
  not found: https://oss.sonatype.org/content/repositories/public/org/scalameta/mtags_2.13.18/1.5.2/mtags_2.13.18-1.5.2.pom
  not found: https://oss.sonatype.org/content/repositories/snapshots/org/scalameta/mtags_2.13.18/1.5.2/mtags_2.13.18-1.5.2.pom
	at coursierapi.error.SimpleResolutionError.of(SimpleResolutionError.java:11)
	at coursierapi.shaded.coursier.internal.api.ApiHelper$.simpleResError(ApiHelper.scala:451)
	at coursierapi.shaded.coursier.internal.api.ApiHelper$.doFetch(ApiHelper.scala:495)
	at coursierapi.shaded.coursier.internal.api.ApiHelper.doFetch(ApiHelper.scala)
	at coursierapi.Fetch.fetchResult(Fetch.java:239)
	at coursierapi.Fetch.fetch(Fetch.java:234)
	at scala.meta.internal.metals.Embedded$.downloadDependency(Embedded.scala:404)
	at scala.meta.internal.metals.Embedded$.downloadMtags(Embedded.scala:453)
	at scala.meta.internal.metals.MtagsResolver$Default.$anonfun$resolve$3(MtagsResolver.scala:166)
	at scala.concurrent.Future$.$anonfun$apply$1(Future.scala:687)
	at scala.concurrent.impl.Promise$Transformation.run(Promise.scala:467)
	at java.util.concurrent.ThreadPoolExecutor.runWorker(ThreadPoolExecutor.java:1090)
	at java.util.concurrent.ThreadPoolExecutor$Worker.run(ThreadPoolExecutor.java:614)
	at java.lang.Thread.run(Thread.java:1474)

2026.03.18 20:19:02 INFO  Found coursier in path under /home/joe/.local/share/coursier/bin/cs, using it to fetch dependency
2026.03.18 20:19:02 ERROR Downloading https://repo1.maven.org/maven2/org/scalameta/mtags_2.13.18/1.5.2/mtags_2.13.18-1.5.2.pom
2026.03.18 20:19:02 ERROR Failed to download https://repo1.maven.org/maven2/org/scalameta/mtags_2.13.18/1.5.2/mtags_2.13.18-1.5.2.pom
2026.03.18 20:19:02 ERROR Downloading https://repo1.maven.org/maven2/org/scalameta/mtags_2.13.18/1.5.2/mtags_2.13.18-1.5.2.pom.sha1
2026.03.18 20:19:02 ERROR Failed to download https://repo1.maven.org/maven2/org/scalameta/mtags_2.13.18/1.5.2/mtags_2.13.18-1.5.2.pom.sha1
2026.03.18 20:19:02 ERROR Resolution error: Error downloading org.scalameta:mtags_2.13.18:1.5.2
2026.03.18 20:19:02 ERROR   not found: /home/joe/.ivy2/local/org.scalameta/mtags_2.13.18/1.5.2/ivys/ivy.xml
2026.03.18 20:19:02 ERROR   not found: https://repo1.maven.org/maven2/org/scalameta/mtags_2.13.18/1.5.2/mtags_2.13.18-1.5.2.pom
2026.03.18 20:19:02 ERROR Error downloading Dependency{module=Module(org.scalameta, mtags_2.13.18), version='1.5.2', exclusions=[], configuration='', publication=null, transitive=true, overrides={}}
coursierapi.error.SimpleResolutionError$1: Error downloading org.scalameta:mtags_2.13.18:1.5.2
  not found: /home/joe/.ivy2/local/org.scalameta/mtags_2.13.18/1.5.2/ivys/ivy.xml
  not found: https://repo1.maven.org/maven2/org/scalameta/mtags_2.13.18/1.5.2/mtags_2.13.18-1.5.2.pom
  not found: /home/joe/.m2/repository/org/scalameta/mtags_2.13.18/1.5.2/mtags_2.13.18-1.5.2.pom
  not found: https://oss.sonatype.org/content/repositories/public/org/scalameta/mtags_2.13.18/1.5.2/mtags_2.13.18-1.5.2.pom
  not found: https://oss.sonatype.org/content/repositories/snapshots/org/scalameta/mtags_2.13.18/1.5.2/mtags_2.13.18-1.5.2.pom
	at coursierapi.error.SimpleResolutionError.of(SimpleResolutionError.java:11)
	at coursierapi.shaded.coursier.internal.api.ApiHelper$.simpleResError(ApiHelper.scala:451)
	at coursierapi.shaded.coursier.internal.api.ApiHelper$.doFetch(ApiHelper.scala:495)
	at coursierapi.shaded.coursier.internal.api.ApiHelper.doFetch(ApiHelper.scala)
	at coursierapi.Fetch.fetchResult(Fetch.java:239)
	at coursierapi.Fetch.fetch(Fetch.java:234)
	at scala.meta.internal.metals.Embedded$.downloadDependency(Embedded.scala:404)
	at scala.meta.internal.metals.Embedded$.downloadMtags(Embedded.scala:453)
	at scala.meta.internal.metals.MtagsResolver$Default.$anonfun$resolve$3(MtagsResolver.scala:166)
	at scala.concurrent.Future$.$anonfun$apply$1(Future.scala:687)
	at scala.concurrent.impl.Promise$Transformation.run(Promise.scala:467)
	at java.util.concurrent.ThreadPoolExecutor.runWorker(ThreadPoolExecutor.java:1090)
	at java.util.concurrent.ThreadPoolExecutor$Worker.run(ThreadPoolExecutor.java:614)
	at java.lang.Thread.run(Thread.java:1474)

2026.03.18 20:19:02 INFO  Found coursier in path under /home/joe/.local/share/coursier/bin/cs, using it to fetch dependency
2026.03.18 20:19:03 ERROR Downloading https://repo1.maven.org/maven2/org/scalameta/mtags_2.13.18/1.5.2/mtags_2.13.18-1.5.2.pom
2026.03.18 20:19:03 ERROR Failed to download https://repo1.maven.org/maven2/org/scalameta/mtags_2.13.18/1.5.2/mtags_2.13.18-1.5.2.pom
2026.03.18 20:19:03 ERROR Downloading https://repo1.maven.org/maven2/org/scalameta/mtags_2.13.18/1.5.2/mtags_2.13.18-1.5.2.pom.sha1
2026.03.18 20:19:03 ERROR Failed to download https://repo1.maven.org/maven2/org/scalameta/mtags_2.13.18/1.5.2/mtags_2.13.18-1.5.2.pom.sha1
2026.03.18 20:19:03 ERROR Resolution error: Error downloading org.scalameta:mtags_2.13.18:1.5.2
2026.03.18 20:19:03 ERROR   not found: /home/joe/.ivy2/local/org.scalameta/mtags_2.13.18/1.5.2/ivys/ivy.xml
2026.03.18 20:19:03 ERROR   not found: https://repo1.maven.org/maven2/org/scalameta/mtags_2.13.18/1.5.2/mtags_2.13.18-1.5.2.pom
2026.03.18 20:19:03 ERROR Failed to resolve mtags for 2.13.18
coursierapi.error.SimpleResolutionError$1: Error downloading org.scalameta:mtags_2.13.18:1.5.2
  not found: /home/joe/.ivy2/local/org.scalameta/mtags_2.13.18/1.5.2/ivys/ivy.xml
  not found: https://repo1.maven.org/maven2/org/scalameta/mtags_2.13.18/1.5.2/mtags_2.13.18-1.5.2.pom
  not found: /home/joe/.m2/repository/org/scalameta/mtags_2.13.18/1.5.2/mtags_2.13.18-1.5.2.pom
  not found: https://oss.sonatype.org/content/repositories/public/org/scalameta/mtags_2.13.18/1.5.2/mtags_2.13.18-1.5.2.pom
  not found: https://oss.sonatype.org/content/repositories/snapshots/org/scalameta/mtags_2.13.18/1.5.2/mtags_2.13.18-1.5.2.pom
	at coursierapi.error.SimpleResolutionError.of(SimpleResolutionError.java:11)
	at coursierapi.shaded.coursier.internal.api.ApiHelper$.simpleResError(ApiHelper.scala:451)
	at coursierapi.shaded.coursier.internal.api.ApiHelper$.doFetch(ApiHelper.scala:495)
	at coursierapi.shaded.coursier.internal.api.ApiHelper.doFetch(ApiHelper.scala)
	at coursierapi.Fetch.fetchResult(Fetch.java:239)
	at coursierapi.Fetch.fetch(Fetch.java:234)
	at scala.meta.internal.metals.Embedded$.downloadDependency(Embedded.scala:404)
	at scala.meta.internal.metals.Embedded$.downloadMtags(Embedded.scala:453)
	at scala.meta.internal.metals.MtagsResolver$Default.$anonfun$resolve$3(MtagsResolver.scala:166)
	at scala.concurrent.Future$.$anonfun$apply$1(Future.scala:687)
	at scala.concurrent.impl.Promise$Transformation.run(Promise.scala:467)
	at java.util.concurrent.ThreadPoolExecutor.runWorker(ThreadPoolExecutor.java:1090)
	at java.util.concurrent.ThreadPoolExecutor$Worker.run(ThreadPoolExecutor.java:614)
	at java.lang.Thread.run(Thread.java:1474)

2026.03.18 20:19:04 ERROR Error downloading Dependency{module=Module(org.scalameta, mtags_2.12.21), version='1.5.2', exclusions=[], configuration='', publication=null, transitive=true, overrides={}}
coursierapi.error.SimpleResolutionError$1: Error downloading org.scalameta:mtags_2.12.21:1.5.2
  not found: /home/joe/.ivy2/local/org.scalameta/mtags_2.12.21/1.5.2/ivys/ivy.xml
  not found: https://repo1.maven.org/maven2/org/scalameta/mtags_2.12.21/1.5.2/mtags_2.12.21-1.5.2.pom
  not found: /home/joe/.m2/repository/org/scalameta/mtags_2.12.21/1.5.2/mtags_2.12.21-1.5.2.pom
  not found: https://oss.sonatype.org/content/repositories/public/org/scalameta/mtags_2.12.21/1.5.2/mtags_2.12.21-1.5.2.pom
  not found: https://oss.sonatype.org/content/repositories/snapshots/org/scalameta/mtags_2.12.21/1.5.2/mtags_2.12.21-1.5.2.pom
	at coursierapi.error.SimpleResolutionError.of(SimpleResolutionError.java:11)
	at coursierapi.shaded.coursier.internal.api.ApiHelper$.simpleResError(ApiHelper.scala:451)
	at coursierapi.shaded.coursier.internal.api.ApiHelper$.doFetch(ApiHelper.scala:495)
	at coursierapi.shaded.coursier.internal.api.ApiHelper.doFetch(ApiHelper.scala)
	at coursierapi.Fetch.fetchResult(Fetch.java:239)
	at coursierapi.Fetch.fetch(Fetch.java:234)
	at scala.meta.internal.metals.Embedded$.downloadDependency(Embedded.scala:404)
	at scala.meta.internal.metals.Embedded$.downloadMtags(Embedded.scala:453)
	at scala.meta.internal.metals.MtagsResolver$Default.$anonfun$resolve$3(MtagsResolver.scala:166)
	at scala.concurrent.Future$.$anonfun$apply$1(Future.scala:687)
	at scala.concurrent.impl.Promise$Transformation.run(Promise.scala:467)
	at java.util.concurrent.ThreadPoolExecutor.runWorker(ThreadPoolExecutor.java:1090)
	at java.util.concurrent.ThreadPoolExecutor$Worker.run(ThreadPoolExecutor.java:614)
	at java.lang.Thread.run(Thread.java:1474)

2026.03.18 20:19:04 INFO  Found coursier in path under /home/joe/.local/share/coursier/bin/cs, using it to fetch dependency
2026.03.18 20:19:04 ERROR Downloading https://repo1.maven.org/maven2/org/scalameta/mtags_2.12.21/1.5.2/mtags_2.12.21-1.5.2.pom
2026.03.18 20:19:04 ERROR Failed to download https://repo1.maven.org/maven2/org/scalameta/mtags_2.12.21/1.5.2/mtags_2.12.21-1.5.2.pom
2026.03.18 20:19:04 ERROR Downloading https://repo1.maven.org/maven2/org/scalameta/mtags_2.12.21/1.5.2/mtags_2.12.21-1.5.2.pom.sha1
2026.03.18 20:19:04 ERROR Failed to download https://repo1.maven.org/maven2/org/scalameta/mtags_2.12.21/1.5.2/mtags_2.12.21-1.5.2.pom.sha1
2026.03.18 20:19:04 ERROR Resolution error: Error downloading org.scalameta:mtags_2.12.21:1.5.2
2026.03.18 20:19:04 ERROR   not found: /home/joe/.ivy2/local/org.scalameta/mtags_2.12.21/1.5.2/ivys/ivy.xml
2026.03.18 20:19:04 ERROR   not found: https://repo1.maven.org/maven2/org/scalameta/mtags_2.12.21/1.5.2/mtags_2.12.21-1.5.2.pom
2026.03.18 20:19:04 ERROR Error downloading Dependency{module=Module(org.scalameta, mtags_2.12.21), version='1.5.2', exclusions=[], configuration='', publication=null, transitive=true, overrides={}}
coursierapi.error.SimpleResolutionError$1: Error downloading org.scalameta:mtags_2.12.21:1.5.2
  not found: /home/joe/.ivy2/local/org.scalameta/mtags_2.12.21/1.5.2/ivys/ivy.xml
  not found: https://repo1.maven.org/maven2/org/scalameta/mtags_2.12.21/1.5.2/mtags_2.12.21-1.5.2.pom
  not found: /home/joe/.m2/repository/org/scalameta/mtags_2.12.21/1.5.2/mtags_2.12.21-1.5.2.pom
  not found: https://oss.sonatype.org/content/repositories/public/org/scalameta/mtags_2.12.21/1.5.2/mtags_2.12.21-1.5.2.pom
  not found: https://oss.sonatype.org/content/repositories/snapshots/org/scalameta/mtags_2.12.21/1.5.2/mtags_2.12.21-1.5.2.pom
	at coursierapi.error.SimpleResolutionError.of(SimpleResolutionError.java:11)
	at coursierapi.shaded.coursier.internal.api.ApiHelper$.simpleResError(ApiHelper.scala:451)
	at coursierapi.shaded.coursier.internal.api.ApiHelper$.doFetch(ApiHelper.scala:495)
	at coursierapi.shaded.coursier.internal.api.ApiHelper.doFetch(ApiHelper.scala)
	at coursierapi.Fetch.fetchResult(Fetch.java:239)
	at coursierapi.Fetch.fetch(Fetch.java:234)
	at scala.meta.internal.metals.Embedded$.downloadDependency(Embedded.scala:404)
	at scala.meta.internal.metals.Embedded$.downloadMtags(Embedded.scala:453)
	at scala.meta.internal.metals.MtagsResolver$Default.$anonfun$resolve$3(MtagsResolver.scala:166)
	at scala.concurrent.Future$.$anonfun$apply$1(Future.scala:687)
	at scala.concurrent.impl.Promise$Transformation.run(Promise.scala:467)
	at java.util.concurrent.ThreadPoolExecutor.runWorker(ThreadPoolExecutor.java:1090)
	at java.util.concurrent.ThreadPoolExecutor$Worker.run(ThreadPoolExecutor.java:614)
	at java.lang.Thread.run(Thread.java:1474)

2026.03.18 20:19:04 INFO  Found coursier in path under /home/joe/.local/share/coursier/bin/cs, using it to fetch dependency
2026.03.18 20:19:04 ERROR Downloading https://repo1.maven.org/maven2/org/scalameta/mtags_2.12.21/1.5.2/mtags_2.12.21-1.5.2.pom
2026.03.18 20:19:04 ERROR Failed to download https://repo1.maven.org/maven2/org/scalameta/mtags_2.12.21/1.5.2/mtags_2.12.21-1.5.2.pom
2026.03.18 20:19:04 ERROR Downloading https://repo1.maven.org/maven2/org/scalameta/mtags_2.12.21/1.5.2/mtags_2.12.21-1.5.2.pom.sha1
2026.03.18 20:19:04 ERROR Failed to download https://repo1.maven.org/maven2/org/scalameta/mtags_2.12.21/1.5.2/mtags_2.12.21-1.5.2.pom.sha1
2026.03.18 20:19:04 ERROR Resolution error: Error downloading org.scalameta:mtags_2.12.21:1.5.2
2026.03.18 20:19:04 ERROR   not found: /home/joe/.ivy2/local/org.scalameta/mtags_2.12.21/1.5.2/ivys/ivy.xml
2026.03.18 20:19:04 ERROR   not found: https://repo1.maven.org/maven2/org/scalameta/mtags_2.12.21/1.5.2/mtags_2.12.21-1.5.2.pom
2026.03.18 20:19:05 ERROR Error downloading Dependency{module=Module(org.scalameta, mtags_2.12.21), version='1.5.2', exclusions=[], configuration='', publication=null, transitive=true, overrides={}}
coursierapi.error.SimpleResolutionError$1: Error downloading org.scalameta:mtags_2.12.21:1.5.2
  not found: /home/joe/.ivy2/local/org.scalameta/mtags_2.12.21/1.5.2/ivys/ivy.xml
  not found: https://repo1.maven.org/maven2/org/scalameta/mtags_2.12.21/1.5.2/mtags_2.12.21-1.5.2.pom
  not found: /home/joe/.m2/repository/org/scalameta/mtags_2.12.21/1.5.2/mtags_2.12.21-1.5.2.pom
  not found: https://oss.sonatype.org/content/repositories/public/org/scalameta/mtags_2.12.21/1.5.2/mtags_2.12.21-1.5.2.pom
  not found: https://oss.sonatype.org/content/repositories/snapshots/org/scalameta/mtags_2.12.21/1.5.2/mtags_2.12.21-1.5.2.pom
	at coursierapi.error.SimpleResolutionError.of(SimpleResolutionError.java:11)
	at coursierapi.shaded.coursier.internal.api.ApiHelper$.simpleResError(ApiHelper.scala:451)
	at coursierapi.shaded.coursier.internal.api.ApiHelper$.doFetch(ApiHelper.scala:495)
	at coursierapi.shaded.coursier.internal.api.ApiHelper.doFetch(ApiHelper.scala)
	at coursierapi.Fetch.fetchResult(Fetch.java:239)
	at coursierapi.Fetch.fetch(Fetch.java:234)
	at scala.meta.internal.metals.Embedded$.downloadDependency(Embedded.scala:404)
	at scala.meta.internal.metals.Embedded$.downloadMtags(Embedded.scala:453)
	at scala.meta.internal.metals.MtagsResolver$Default.$anonfun$resolve$3(MtagsResolver.scala:166)
	at scala.concurrent.Future$.$anonfun$apply$1(Future.scala:687)
	at scala.concurrent.impl.Promise$Transformation.run(Promise.scala:467)
	at java.util.concurrent.ThreadPoolExecutor.runWorker(ThreadPoolExecutor.java:1090)
	at java.util.concurrent.ThreadPoolExecutor$Worker.run(ThreadPoolExecutor.java:614)
	at java.lang.Thread.run(Thread.java:1474)

2026.03.18 20:19:05 INFO  Found coursier in path under /home/joe/.local/share/coursier/bin/cs, using it to fetch dependency
2026.03.18 20:19:05 ERROR Downloading https://repo1.maven.org/maven2/org/scalameta/mtags_2.12.21/1.5.2/mtags_2.12.21-1.5.2.pom
2026.03.18 20:19:05 ERROR Failed to download https://repo1.maven.org/maven2/org/scalameta/mtags_2.12.21/1.5.2/mtags_2.12.21-1.5.2.pom
2026.03.18 20:19:05 ERROR Downloading https://repo1.maven.org/maven2/org/scalameta/mtags_2.12.21/1.5.2/mtags_2.12.21-1.5.2.pom.sha1
2026.03.18 20:19:05 ERROR Failed to download https://repo1.maven.org/maven2/org/scalameta/mtags_2.12.21/1.5.2/mtags_2.12.21-1.5.2.pom.sha1
2026.03.18 20:19:05 ERROR Resolution error: Error downloading org.scalameta:mtags_2.12.21:1.5.2
2026.03.18 20:19:05 ERROR   not found: /home/joe/.ivy2/local/org.scalameta/mtags_2.12.21/1.5.2/ivys/ivy.xml
2026.03.18 20:19:05 ERROR   not found: https://repo1.maven.org/maven2/org/scalameta/mtags_2.12.21/1.5.2/mtags_2.12.21-1.5.2.pom
2026.03.18 20:19:05 ERROR Error downloading Dependency{module=Module(org.scalameta, mtags_2.12.21), version='1.5.2', exclusions=[], configuration='', publication=null, transitive=true, overrides={}}
coursierapi.error.SimpleResolutionError$1: Error downloading org.scalameta:mtags_2.12.21:1.5.2
  not found: /home/joe/.ivy2/local/org.scalameta/mtags_2.12.21/1.5.2/ivys/ivy.xml
  not found: https://repo1.maven.org/maven2/org/scalameta/mtags_2.12.21/1.5.2/mtags_2.12.21-1.5.2.pom
  not found: /home/joe/.m2/repository/org/scalameta/mtags_2.12.21/1.5.2/mtags_2.12.21-1.5.2.pom
  not found: https://oss.sonatype.org/content/repositories/public/org/scalameta/mtags_2.12.21/1.5.2/mtags_2.12.21-1.5.2.pom
  not found: https://oss.sonatype.org/content/repositories/snapshots/org/scalameta/mtags_2.12.21/1.5.2/mtags_2.12.21-1.5.2.pom
	at coursierapi.error.SimpleResolutionError.of(SimpleResolutionError.java:11)
	at coursierapi.shaded.coursier.internal.api.ApiHelper$.simpleResError(ApiHelper.scala:451)
	at coursierapi.shaded.coursier.internal.api.ApiHelper$.doFetch(ApiHelper.scala:495)
	at coursierapi.shaded.coursier.internal.api.ApiHelper.doFetch(ApiHelper.scala)
	at coursierapi.Fetch.fetchResult(Fetch.java:239)
	at coursierapi.Fetch.fetch(Fetch.java:234)
	at scala.meta.internal.metals.Embedded$.downloadDependency(Embedded.scala:404)
	at scala.meta.internal.metals.Embedded$.downloadMtags(Embedded.scala:453)
	at scala.meta.internal.metals.MtagsResolver$Default.$anonfun$resolve$3(MtagsResolver.scala:166)
	at scala.concurrent.Future$.$anonfun$apply$1(Future.scala:687)
	at scala.concurrent.impl.Promise$Transformation.run(Promise.scala:467)
	at java.util.concurrent.ThreadPoolExecutor.runWorker(ThreadPoolExecutor.java:1090)
	at java.util.concurrent.ThreadPoolExecutor$Worker.run(ThreadPoolExecutor.java:614)
	at java.lang.Thread.run(Thread.java:1474)

2026.03.18 20:19:05 INFO  Found coursier in path under /home/joe/.local/share/coursier/bin/cs, using it to fetch dependency
2026.03.18 20:19:06 ERROR Downloading https://repo1.maven.org/maven2/org/scalameta/mtags_2.12.21/1.5.2/mtags_2.12.21-1.5.2.pom
2026.03.18 20:19:06 ERROR Failed to download https://repo1.maven.org/maven2/org/scalameta/mtags_2.12.21/1.5.2/mtags_2.12.21-1.5.2.pom
2026.03.18 20:19:06 ERROR Downloading https://repo1.maven.org/maven2/org/scalameta/mtags_2.12.21/1.5.2/mtags_2.12.21-1.5.2.pom.sha1
2026.03.18 20:19:06 ERROR Failed to download https://repo1.maven.org/maven2/org/scalameta/mtags_2.12.21/1.5.2/mtags_2.12.21-1.5.2.pom.sha1
2026.03.18 20:19:06 ERROR Resolution error: Error downloading org.scalameta:mtags_2.12.21:1.5.2
2026.03.18 20:19:06 ERROR   not found: /home/joe/.ivy2/local/org.scalameta/mtags_2.12.21/1.5.2/ivys/ivy.xml
2026.03.18 20:19:06 ERROR   not found: https://repo1.maven.org/maven2/org/scalameta/mtags_2.12.21/1.5.2/mtags_2.12.21-1.5.2.pom
2026.03.18 20:19:07 ERROR Error downloading Dependency{module=Module(org.scalameta, mtags_2.12.21), version='1.5.2', exclusions=[], configuration='', publication=null, transitive=true, overrides={}}
coursierapi.error.SimpleResolutionError$1: Error downloading org.scalameta:mtags_2.12.21:1.5.2
  not found: /home/joe/.ivy2/local/org.scalameta/mtags_2.12.21/1.5.2/ivys/ivy.xml
  not found: https://repo1.maven.org/maven2/org/scalameta/mtags_2.12.21/1.5.2/mtags_2.12.21-1.5.2.pom
  not found: /home/joe/.m2/repository/org/scalameta/mtags_2.12.21/1.5.2/mtags_2.12.21-1.5.2.pom
  not found: https://oss.sonatype.org/content/repositories/public/org/scalameta/mtags_2.12.21/1.5.2/mtags_2.12.21-1.5.2.pom
  not found: https://oss.sonatype.org/content/repositories/snapshots/org/scalameta/mtags_2.12.21/1.5.2/mtags_2.12.21-1.5.2.pom
	at coursierapi.error.SimpleResolutionError.of(SimpleResolutionError.java:11)
	at coursierapi.shaded.coursier.internal.api.ApiHelper$.simpleResError(ApiHelper.scala:451)
	at coursierapi.shaded.coursier.internal.api.ApiHelper$.doFetch(ApiHelper.scala:495)
	at coursierapi.shaded.coursier.internal.api.ApiHelper.doFetch(ApiHelper.scala)
	at coursierapi.Fetch.fetchResult(Fetch.java:239)
	at coursierapi.Fetch.fetch(Fetch.java:234)
	at scala.meta.internal.metals.Embedded$.downloadDependency(Embedded.scala:404)
	at scala.meta.internal.metals.Embedded$.downloadMtags(Embedded.scala:453)
	at scala.meta.internal.metals.MtagsResolver$Default.$anonfun$resolve$3(MtagsResolver.scala:166)
	at scala.concurrent.Future$.$anonfun$apply$1(Future.scala:687)
	at scala.concurrent.impl.Promise$Transformation.run(Promise.scala:467)
	at java.util.concurrent.ThreadPoolExecutor.runWorker(ThreadPoolExecutor.java:1090)
	at java.util.concurrent.ThreadPoolExecutor$Worker.run(ThreadPoolExecutor.java:614)
	at java.lang.Thread.run(Thread.java:1474)

2026.03.18 20:19:07 INFO  Found coursier in path under /home/joe/.local/share/coursier/bin/cs, using it to fetch dependency
2026.03.18 20:19:07 ERROR Downloading https://repo1.maven.org/maven2/org/scalameta/mtags_2.12.21/1.5.2/mtags_2.12.21-1.5.2.pom
2026.03.18 20:19:07 ERROR Failed to download https://repo1.maven.org/maven2/org/scalameta/mtags_2.12.21/1.5.2/mtags_2.12.21-1.5.2.pom
2026.03.18 20:19:07 ERROR Downloading https://repo1.maven.org/maven2/org/scalameta/mtags_2.12.21/1.5.2/mtags_2.12.21-1.5.2.pom.sha1
2026.03.18 20:19:07 ERROR Failed to download https://repo1.maven.org/maven2/org/scalameta/mtags_2.12.21/1.5.2/mtags_2.12.21-1.5.2.pom.sha1
2026.03.18 20:19:07 ERROR Resolution error: Error downloading org.scalameta:mtags_2.12.21:1.5.2
2026.03.18 20:19:07 ERROR   not found: /home/joe/.ivy2/local/org.scalameta/mtags_2.12.21/1.5.2/ivys/ivy.xml
2026.03.18 20:19:07 ERROR   not found: https://repo1.maven.org/maven2/org/scalameta/mtags_2.12.21/1.5.2/mtags_2.12.21-1.5.2.pom
2026.03.18 20:19:07 ERROR Error downloading Dependency{module=Module(org.scalameta, mtags_2.12.21), version='1.5.2', exclusions=[], configuration='', publication=null, transitive=true, overrides={}}
coursierapi.error.SimpleResolutionError$1: Error downloading org.scalameta:mtags_2.12.21:1.5.2
  not found: /home/joe/.ivy2/local/org.scalameta/mtags_2.12.21/1.5.2/ivys/ivy.xml
  not found: https://repo1.maven.org/maven2/org/scalameta/mtags_2.12.21/1.5.2/mtags_2.12.21-1.5.2.pom
  not found: /home/joe/.m2/repository/org/scalameta/mtags_2.12.21/1.5.2/mtags_2.12.21-1.5.2.pom
  not found: https://oss.sonatype.org/content/repositories/public/org/scalameta/mtags_2.12.21/1.5.2/mtags_2.12.21-1.5.2.pom
  not found: https://oss.sonatype.org/content/repositories/snapshots/org/scalameta/mtags_2.12.21/1.5.2/mtags_2.12.21-1.5.2.pom
	at coursierapi.error.SimpleResolutionError.of(SimpleResolutionError.java:11)
	at coursierapi.shaded.coursier.internal.api.ApiHelper$.simpleResError(ApiHelper.scala:451)
	at coursierapi.shaded.coursier.internal.api.ApiHelper$.doFetch(ApiHelper.scala:495)
	at coursierapi.shaded.coursier.internal.api.ApiHelper.doFetch(ApiHelper.scala)
	at coursierapi.Fetch.fetchResult(Fetch.java:239)
	at coursierapi.Fetch.fetch(Fetch.java:234)
	at scala.meta.internal.metals.Embedded$.downloadDependency(Embedded.scala:404)
	at scala.meta.internal.metals.Embedded$.downloadMtags(Embedded.scala:453)
	at scala.meta.internal.metals.MtagsResolver$Default.$anonfun$resolve$3(MtagsResolver.scala:166)
	at scala.concurrent.Future$.$anonfun$apply$1(Future.scala:687)
	at scala.concurrent.impl.Promise$Transformation.run(Promise.scala:467)
	at java.util.concurrent.ThreadPoolExecutor.runWorker(ThreadPoolExecutor.java:1090)
	at java.util.concurrent.ThreadPoolExecutor$Worker.run(ThreadPoolExecutor.java:614)
	at java.lang.Thread.run(Thread.java:1474)

2026.03.18 20:19:07 INFO  Found coursier in path under /home/joe/.local/share/coursier/bin/cs, using it to fetch dependency
2026.03.18 20:19:07 ERROR Downloading https://repo1.maven.org/maven2/org/scalameta/mtags_2.12.21/1.5.2/mtags_2.12.21-1.5.2.pom
2026.03.18 20:19:07 ERROR Failed to download https://repo1.maven.org/maven2/org/scalameta/mtags_2.12.21/1.5.2/mtags_2.12.21-1.5.2.pom
2026.03.18 20:19:07 ERROR Downloading https://repo1.maven.org/maven2/org/scalameta/mtags_2.12.21/1.5.2/mtags_2.12.21-1.5.2.pom.sha1
2026.03.18 20:19:07 ERROR Failed to download https://repo1.maven.org/maven2/org/scalameta/mtags_2.12.21/1.5.2/mtags_2.12.21-1.5.2.pom.sha1
2026.03.18 20:19:07 ERROR Resolution error: Error downloading org.scalameta:mtags_2.12.21:1.5.2
2026.03.18 20:19:07 ERROR   not found: /home/joe/.ivy2/local/org.scalameta/mtags_2.12.21/1.5.2/ivys/ivy.xml
2026.03.18 20:19:07 ERROR   not found: https://repo1.maven.org/maven2/org/scalameta/mtags_2.12.21/1.5.2/mtags_2.12.21-1.5.2.pom
2026.03.18 20:19:08 ERROR Failed to resolve mtags for 2.12.21
coursierapi.error.SimpleResolutionError$1: Error downloading org.scalameta:mtags_2.12.21:1.5.2
  not found: /home/joe/.ivy2/local/org.scalameta/mtags_2.12.21/1.5.2/ivys/ivy.xml
  not found: https://repo1.maven.org/maven2/org/scalameta/mtags_2.12.21/1.5.2/mtags_2.12.21-1.5.2.pom
  not found: /home/joe/.m2/repository/org/scalameta/mtags_2.12.21/1.5.2/mtags_2.12.21-1.5.2.pom
  not found: https://oss.sonatype.org/content/repositories/public/org/scalameta/mtags_2.12.21/1.5.2/mtags_2.12.21-1.5.2.pom
  not found: https://oss.sonatype.org/content/repositories/snapshots/org/scalameta/mtags_2.12.21/1.5.2/mtags_2.12.21-1.5.2.pom
	at coursierapi.error.SimpleResolutionError.of(SimpleResolutionError.java:11)
	at coursierapi.shaded.coursier.internal.api.ApiHelper$.simpleResError(ApiHelper.scala:451)
	at coursierapi.shaded.coursier.internal.api.ApiHelper$.doFetch(ApiHelper.scala:495)
	at coursierapi.shaded.coursier.internal.api.ApiHelper.doFetch(ApiHelper.scala)
	at coursierapi.Fetch.fetchResult(Fetch.java:239)
	at coursierapi.Fetch.fetch(Fetch.java:234)
	at scala.meta.internal.metals.Embedded$.downloadDependency(Embedded.scala:404)
	at scala.meta.internal.metals.Embedded$.downloadMtags(Embedded.scala:453)
	at scala.meta.internal.metals.MtagsResolver$Default.$anonfun$resolve$3(MtagsResolver.scala:166)
	at scala.concurrent.Future$.$anonfun$apply$1(Future.scala:687)
	at scala.concurrent.impl.Promise$Transformation.run(Promise.scala:467)
	at java.util.concurrent.ThreadPoolExecutor.runWorker(ThreadPoolExecutor.java:1090)
	at java.util.concurrent.ThreadPoolExecutor$Worker.run(ThreadPoolExecutor.java:614)
	at java.lang.Thread.run(Thread.java:1474)

2026.03.18 20:19:09 WARN  Could not find java sources in /usr/lib/jvm/src.zip, /usr/lib/jvm/lib/src.zip, /usr/lib/jvm/java-25-openjdk/src.zip, /usr/lib/jvm/java-25-openjdk/lib/src.zip. Java symbols will not be available.
2026.03.18 20:19:13 INFO  time: indexed workspace in 15s
2026.03.18 20:19:13 WARN  unsupported Scala 2.13.18
2026.03.18 20:19:13 INFO  compiling root (7 scala sources and 1 java source)
java.lang.UnsupportedOperationException
	at org.eclipse.lsp4j.services.LanguageClient.refreshCodeLenses(LanguageClient.java:208)
	at scala.meta.internal.metals.clients.language.ConfiguredLanguageClient.refreshModel(ConfiguredLanguageClient.scala:119)
	at scala.meta.internal.metals.Indexer.$anonfun$indexWorkspace$23(Indexer.scala:224)
	at scala.util.Success.foreach(Try.scala:268)
	at scala.concurrent.impl.Promise$Transformation.run(Promise.scala:481)
	at java.base/java.util.concurrent.ThreadPoolExecutor.runWorker(ThreadPoolExecutor.java:1090)
	at java.base/java.util.concurrent.ThreadPoolExecutor$Worker.run(ThreadPoolExecutor.java:614)
	at java.base/java.lang.Thread.run(Thread.java:1474)
Error: Failed to open Wayland display, fallback to X11. WAYLAND_DISPLAY='wayland-1' DISPLAY=':1'
2026.03.18 20:19:15 WARN  Unexpected javac output: WARNING: A terminally deprecated method in sun.misc.Unsafe has been called
WARNING: sun.misc.Unsafe::arrayBaseOffset has been called by com.sourcegraph.shaded.com.google.protobuf.UnsafeUtil$MemoryAccessor (file:/home/joe/.cache/coursier/v1/https/repo1.maven.org/maven2/com/sourcegraph/semanticdb-javac/0.10.4/semanticdb-javac-0.10.4.jar)
WARNING: Please consider reporting this to the maintainers of class com.sourcegraph.shaded.com.google.protobuf.UnsafeUtil$MemoryAccessor
WARNING: sun.misc.Unsafe::arrayBaseOffset will be removed in a future release.
2026.03.18 20:19:15 INFO  time: compiled root in 2.37s
2026.03.18 20:19:15 INFO  compiling root-test (1 scala source)
2026.03.18 20:19:15 INFO  time: compiled root-test in 0.45s
2026.03.18 20:19:16 ERROR Unexpected error initializing server: 
java.lang.UnsupportedOperationException
	at org.eclipse.lsp4j.services.LanguageClient.refreshSemanticTokens(LanguageClient.java:193)
	at scala.meta.internal.metals.clients.language.ConfiguredLanguageClient.refreshSemanticTokens(ConfiguredLanguageClient.scala:131)
	at scala.meta.internal.metals.MetalsLspService.$anonfun$onWorksheetChanged$4(MetalsLspService.scala:1568)
	at scala.concurrent.impl.Promise$Transformation.run(Promise.scala:470)
	at java.util.concurrent.ThreadPoolExecutor.runWorker(ThreadPoolExecutor.java:1090)
	at java.util.concurrent.ThreadPoolExecutor$Worker.run(ThreadPoolExecutor.java:614)
	at java.lang.Thread.run(Thread.java:1474)

2026.03.18 20:32:34 INFO  Shutting down server
2026.03.18 20:32:34 INFO  shutting down Metals
2026.03.18 20:32:34 INFO  Shut down connection with build server.
2026.03.18 20:32:34 INFO  Shut down connection with build server.
2026.03.18 20:32:34 INFO  Shut down connection with build server.
Mar 18, 2026 8:32:34 PM io.undertow.Undertow stop
INFO: stopping server: Undertow - 2.2.20.Final
2026.03.18 22:17:10 INFO  Started: Metals version 1.5.2 in folders '/home/joe/projects/site/backend' for client Neovim 0.12.0-dev+g1eb2ca9fcf.
2026.03.18 22:17:10 INFO  Selected port 5031
Mar 18, 2026 10:17:10 PM io.undertow.Undertow start
INFO: starting server: Undertow - 2.2.20.Final
Mar 18, 2026 10:17:10 PM org.xnio.Xnio <clinit>
INFO: XNIO version 3.8.16.Final
Mar 18, 2026 10:17:10 PM org.xnio.nio.NioXnio <clinit>
INFO: XNIO NIO Implementation Version 3.8.16.Final
Mar 18, 2026 10:17:10 PM org.jboss.threads.Version <clinit>
INFO: JBoss Threads version 3.1.0.Final
2026.03.18 22:17:10 INFO  Started Metals http server at http://127.0.0.1:5031
2026.03.18 22:17:10 INFO  Attempting to connect to the build server...
2026.03.18 22:17:10 INFO  No running Bloop server found, starting one.
2026.03.18 22:17:18 INFO  Starting compilation server
2026.03.18 22:17:18 INFO  tracing is disabled for protocol BSP, to enable tracing of incoming and outgoing JSON messages create an empty file at /home/joe/projects/site/backend/.metals/bsp.trace.json or /home/joe/.cache/metals/bsp.trace.json
2026.03.18 22:17:19 INFO  Attempting to connect to the build server...
2026.03.18 22:17:19 INFO  Found a Bloop server running
2026.03.18 22:17:19 INFO  Attempting to connect to the build server...
2026.03.18 22:17:19 INFO  Found a Bloop server running
2026.03.18 22:17:19 INFO  tracing is disabled for protocol BSP, to enable tracing of incoming and outgoing JSON messages create an empty file at /home/joe/projects/site/backend/project/project/.metals/bsp.trace.json or /home/joe/.cache/metals/bsp.trace.json
2026.03.18 22:17:19 INFO  tracing is disabled for protocol BSP, to enable tracing of incoming and outgoing JSON messages create an empty file at /home/joe/projects/site/backend/project/.metals/bsp.trace.json or /home/joe/.cache/metals/bsp.trace.json
2026.03.18 22:17:19 INFO  time: Connected to build server in 9.72s
2026.03.18 22:17:19 INFO  Connected to Build server: Bloop v2.0.9
2026.03.18 22:17:21 ERROR Error downloading Dependency{module=Module(org.scalameta, mtags_2.13.18), version='1.5.2', exclusions=[], configuration='', publication=null, transitive=true, overrides={}}
coursierapi.error.SimpleResolutionError$1: Error downloading org.scalameta:mtags_2.13.18:1.5.2
  not found: /home/joe/.ivy2/local/org.scalameta/mtags_2.13.18/1.5.2/ivys/ivy.xml
  not found: https://repo1.maven.org/maven2/org/scalameta/mtags_2.13.18/1.5.2/mtags_2.13.18-1.5.2.pom
  not found: /home/joe/.m2/repository/org/scalameta/mtags_2.13.18/1.5.2/mtags_2.13.18-1.5.2.pom
  not found: https://oss.sonatype.org/content/repositories/public/org/scalameta/mtags_2.13.18/1.5.2/mtags_2.13.18-1.5.2.pom
  not found: https://oss.sonatype.org/content/repositories/snapshots/org/scalameta/mtags_2.13.18/1.5.2/mtags_2.13.18-1.5.2.pom
	at coursierapi.error.SimpleResolutionError.of(SimpleResolutionError.java:11)
	at coursierapi.shaded.coursier.internal.api.ApiHelper$.simpleResError(ApiHelper.scala:451)
	at coursierapi.shaded.coursier.internal.api.ApiHelper$.doFetch(ApiHelper.scala:495)
	at coursierapi.shaded.coursier.internal.api.ApiHelper.doFetch(ApiHelper.scala)
	at coursierapi.Fetch.fetchResult(Fetch.java:239)
	at coursierapi.Fetch.fetch(Fetch.java:234)
	at scala.meta.internal.metals.Embedded$.downloadDependency(Embedded.scala:404)
	at scala.meta.internal.metals.Embedded$.downloadMtags(Embedded.scala:453)
	at scala.meta.internal.metals.MtagsResolver$Default.$anonfun$resolve$3(MtagsResolver.scala:166)
	at scala.concurrent.Future$.$anonfun$apply$1(Future.scala:687)
	at scala.concurrent.impl.Promise$Transformation.run(Promise.scala:467)
	at java.util.concurrent.ThreadPoolExecutor.runWorker(ThreadPoolExecutor.java:1090)
	at java.util.concurrent.ThreadPoolExecutor$Worker.run(ThreadPoolExecutor.java:614)
	at java.lang.Thread.run(Thread.java:1474)

2026.03.18 22:17:21 INFO  Found coursier in path under /home/joe/.local/share/coursier/bin/cs, using it to fetch dependency
2026.03.18 22:17:21 ERROR Downloading https://repo1.maven.org/maven2/org/scalameta/mtags_2.13.18/1.5.2/mtags_2.13.18-1.5.2.pom
2026.03.18 22:17:21 ERROR Failed to download https://repo1.maven.org/maven2/org/scalameta/mtags_2.13.18/1.5.2/mtags_2.13.18-1.5.2.pom
2026.03.18 22:17:21 ERROR Downloading https://repo1.maven.org/maven2/org/scalameta/mtags_2.13.18/1.5.2/mtags_2.13.18-1.5.2.pom.sha1
2026.03.18 22:17:21 ERROR Failed to download https://repo1.maven.org/maven2/org/scalameta/mtags_2.13.18/1.5.2/mtags_2.13.18-1.5.2.pom.sha1
2026.03.18 22:17:21 ERROR Resolution error: Error downloading org.scalameta:mtags_2.13.18:1.5.2
2026.03.18 22:17:21 ERROR   not found: /home/joe/.ivy2/local/org.scalameta/mtags_2.13.18/1.5.2/ivys/ivy.xml
2026.03.18 22:17:21 ERROR   not found: https://repo1.maven.org/maven2/org/scalameta/mtags_2.13.18/1.5.2/mtags_2.13.18-1.5.2.pom
2026.03.18 22:17:21 ERROR Error downloading Dependency{module=Module(org.scalameta, mtags_2.13.18), version='1.5.2', exclusions=[], configuration='', publication=null, transitive=true, overrides={}}
coursierapi.error.SimpleResolutionError$1: Error downloading org.scalameta:mtags_2.13.18:1.5.2
  not found: /home/joe/.ivy2/local/org.scalameta/mtags_2.13.18/1.5.2/ivys/ivy.xml
  not found: https://repo1.maven.org/maven2/org/scalameta/mtags_2.13.18/1.5.2/mtags_2.13.18-1.5.2.pom
  not found: /home/joe/.m2/repository/org/scalameta/mtags_2.13.18/1.5.2/mtags_2.13.18-1.5.2.pom
  not found: https://oss.sonatype.org/content/repositories/public/org/scalameta/mtags_2.13.18/1.5.2/mtags_2.13.18-1.5.2.pom
  not found: https://oss.sonatype.org/content/repositories/snapshots/org/scalameta/mtags_2.13.18/1.5.2/mtags_2.13.18-1.5.2.pom
	at coursierapi.error.SimpleResolutionError.of(SimpleResolutionError.java:11)
	at coursierapi.shaded.coursier.internal.api.ApiHelper$.simpleResError(ApiHelper.scala:451)
	at coursierapi.shaded.coursier.internal.api.ApiHelper$.doFetch(ApiHelper.scala:495)
	at coursierapi.shaded.coursier.internal.api.ApiHelper.doFetch(ApiHelper.scala)
	at coursierapi.Fetch.fetchResult(Fetch.java:239)
	at coursierapi.Fetch.fetch(Fetch.java:234)
	at scala.meta.internal.metals.Embedded$.downloadDependency(Embedded.scala:404)
	at scala.meta.internal.metals.Embedded$.downloadMtags(Embedded.scala:453)
	at scala.meta.internal.metals.MtagsResolver$Default.$anonfun$resolve$3(MtagsResolver.scala:166)
	at scala.concurrent.Future$.$anonfun$apply$1(Future.scala:687)
	at scala.concurrent.impl.Promise$Transformation.run(Promise.scala:467)
	at java.util.concurrent.ThreadPoolExecutor.runWorker(ThreadPoolExecutor.java:1090)
	at java.util.concurrent.ThreadPoolExecutor$Worker.run(ThreadPoolExecutor.java:614)
	at java.lang.Thread.run(Thread.java:1474)

2026.03.18 22:17:21 INFO  Found coursier in path under /home/joe/.local/share/coursier/bin/cs, using it to fetch dependency
2026.03.18 22:17:22 ERROR Downloading https://repo1.maven.org/maven2/org/scalameta/mtags_2.13.18/1.5.2/mtags_2.13.18-1.5.2.pom
2026.03.18 22:17:22 ERROR Failed to download https://repo1.maven.org/maven2/org/scalameta/mtags_2.13.18/1.5.2/mtags_2.13.18-1.5.2.pom
2026.03.18 22:17:22 ERROR Downloading https://repo1.maven.org/maven2/org/scalameta/mtags_2.13.18/1.5.2/mtags_2.13.18-1.5.2.pom.sha1
2026.03.18 22:17:22 ERROR Failed to download https://repo1.maven.org/maven2/org/scalameta/mtags_2.13.18/1.5.2/mtags_2.13.18-1.5.2.pom.sha1
2026.03.18 22:17:22 ERROR Resolution error: Error downloading org.scalameta:mtags_2.13.18:1.5.2
2026.03.18 22:17:22 ERROR   not found: /home/joe/.ivy2/local/org.scalameta/mtags_2.13.18/1.5.2/ivys/ivy.xml
2026.03.18 22:17:22 ERROR   not found: https://repo1.maven.org/maven2/org/scalameta/mtags_2.13.18/1.5.2/mtags_2.13.18-1.5.2.pom
2026.03.18 22:17:23 ERROR Error downloading Dependency{module=Module(org.scalameta, mtags_2.13.18), version='1.5.2', exclusions=[], configuration='', publication=null, transitive=true, overrides={}}
coursierapi.error.SimpleResolutionError$1: Error downloading org.scalameta:mtags_2.13.18:1.5.2
  not found: /home/joe/.ivy2/local/org.scalameta/mtags_2.13.18/1.5.2/ivys/ivy.xml
  not found: https://repo1.maven.org/maven2/org/scalameta/mtags_2.13.18/1.5.2/mtags_2.13.18-1.5.2.pom
  not found: /home/joe/.m2/repository/org/scalameta/mtags_2.13.18/1.5.2/mtags_2.13.18-1.5.2.pom
  not found: https://oss.sonatype.org/content/repositories/public/org/scalameta/mtags_2.13.18/1.5.2/mtags_2.13.18-1.5.2.pom
  not found: https://oss.sonatype.org/content/repositories/snapshots/org/scalameta/mtags_2.13.18/1.5.2/mtags_2.13.18-1.5.2.pom
	at coursierapi.error.SimpleResolutionError.of(SimpleResolutionError.java:11)
	at coursierapi.shaded.coursier.internal.api.ApiHelper$.simpleResError(ApiHelper.scala:451)
	at coursierapi.shaded.coursier.internal.api.ApiHelper$.doFetch(ApiHelper.scala:495)
	at coursierapi.shaded.coursier.internal.api.ApiHelper.doFetch(ApiHelper.scala)
	at coursierapi.Fetch.fetchResult(Fetch.java:239)
	at coursierapi.Fetch.fetch(Fetch.java:234)
	at scala.meta.internal.metals.Embedded$.downloadDependency(Embedded.scala:404)
	at scala.meta.internal.metals.Embedded$.downloadMtags(Embedded.scala:453)
	at scala.meta.internal.metals.MtagsResolver$Default.$anonfun$resolve$3(MtagsResolver.scala:166)
	at scala.concurrent.Future$.$anonfun$apply$1(Future.scala:687)
	at scala.concurrent.impl.Promise$Transformation.run(Promise.scala:467)
	at java.util.concurrent.ThreadPoolExecutor.runWorker(ThreadPoolExecutor.java:1090)
	at java.util.concurrent.ThreadPoolExecutor$Worker.run(ThreadPoolExecutor.java:614)
	at java.lang.Thread.run(Thread.java:1474)

2026.03.18 22:17:23 INFO  Found coursier in path under /home/joe/.local/share/coursier/bin/cs, using it to fetch dependency
2026.03.18 22:17:23 ERROR Downloading https://repo1.maven.org/maven2/org/scalameta/mtags_2.13.18/1.5.2/mtags_2.13.18-1.5.2.pom
2026.03.18 22:17:23 ERROR Failed to download https://repo1.maven.org/maven2/org/scalameta/mtags_2.13.18/1.5.2/mtags_2.13.18-1.5.2.pom
2026.03.18 22:17:23 ERROR Downloading https://repo1.maven.org/maven2/org/scalameta/mtags_2.13.18/1.5.2/mtags_2.13.18-1.5.2.pom.sha1
2026.03.18 22:17:23 ERROR Failed to download https://repo1.maven.org/maven2/org/scalameta/mtags_2.13.18/1.5.2/mtags_2.13.18-1.5.2.pom.sha1
2026.03.18 22:17:23 ERROR Resolution error: Error downloading org.scalameta:mtags_2.13.18:1.5.2
2026.03.18 22:17:23 ERROR   not found: /home/joe/.ivy2/local/org.scalameta/mtags_2.13.18/1.5.2/ivys/ivy.xml
2026.03.18 22:17:23 ERROR   not found: https://repo1.maven.org/maven2/org/scalameta/mtags_2.13.18/1.5.2/mtags_2.13.18-1.5.2.pom
2026.03.18 22:17:23 ERROR Error downloading Dependency{module=Module(org.scalameta, mtags_2.13.18), version='1.5.2', exclusions=[], configuration='', publication=null, transitive=true, overrides={}}
coursierapi.error.SimpleResolutionError$1: Error downloading org.scalameta:mtags_2.13.18:1.5.2
  not found: /home/joe/.ivy2/local/org.scalameta/mtags_2.13.18/1.5.2/ivys/ivy.xml
  not found: https://repo1.maven.org/maven2/org/scalameta/mtags_2.13.18/1.5.2/mtags_2.13.18-1.5.2.pom
  not found: /home/joe/.m2/repository/org/scalameta/mtags_2.13.18/1.5.2/mtags_2.13.18-1.5.2.pom
  not found: https://oss.sonatype.org/content/repositories/public/org/scalameta/mtags_2.13.18/1.5.2/mtags_2.13.18-1.5.2.pom
  not found: https://oss.sonatype.org/content/repositories/snapshots/org/scalameta/mtags_2.13.18/1.5.2/mtags_2.13.18-1.5.2.pom
	at coursierapi.error.SimpleResolutionError.of(SimpleResolutionError.java:11)
	at coursierapi.shaded.coursier.internal.api.ApiHelper$.simpleResError(ApiHelper.scala:451)
	at coursierapi.shaded.coursier.internal.api.ApiHelper$.doFetch(ApiHelper.scala:495)
	at coursierapi.shaded.coursier.internal.api.ApiHelper.doFetch(ApiHelper.scala)
	at coursierapi.Fetch.fetchResult(Fetch.java:239)
	at coursierapi.Fetch.fetch(Fetch.java:234)
	at scala.meta.internal.metals.Embedded$.downloadDependency(Embedded.scala:404)
	at scala.meta.internal.metals.Embedded$.downloadMtags(Embedded.scala:453)
	at scala.meta.internal.metals.MtagsResolver$Default.$anonfun$resolve$3(MtagsResolver.scala:166)
	at scala.concurrent.Future$.$anonfun$apply$1(Future.scala:687)
	at scala.concurrent.impl.Promise$Transformation.run(Promise.scala:467)
	at java.util.concurrent.ThreadPoolExecutor.runWorker(ThreadPoolExecutor.java:1090)
	at java.util.concurrent.ThreadPoolExecutor$Worker.run(ThreadPoolExecutor.java:614)
	at java.lang.Thread.run(Thread.java:1474)

2026.03.18 22:17:23 INFO  Found coursier in path under /home/joe/.local/share/coursier/bin/cs, using it to fetch dependency
2026.03.18 22:17:23 ERROR Downloading https://repo1.maven.org/maven2/org/scalameta/mtags_2.13.18/1.5.2/mtags_2.13.18-1.5.2.pom
2026.03.18 22:17:23 ERROR Failed to download https://repo1.maven.org/maven2/org/scalameta/mtags_2.13.18/1.5.2/mtags_2.13.18-1.5.2.pom
2026.03.18 22:17:23 ERROR Downloading https://repo1.maven.org/maven2/org/scalameta/mtags_2.13.18/1.5.2/mtags_2.13.18-1.5.2.pom.sha1
2026.03.18 22:17:23 ERROR Failed to download https://repo1.maven.org/maven2/org/scalameta/mtags_2.13.18/1.5.2/mtags_2.13.18-1.5.2.pom.sha1
2026.03.18 22:17:23 ERROR Resolution error: Error downloading org.scalameta:mtags_2.13.18:1.5.2
2026.03.18 22:17:23 ERROR   not found: /home/joe/.ivy2/local/org.scalameta/mtags_2.13.18/1.5.2/ivys/ivy.xml
2026.03.18 22:17:23 ERROR   not found: https://repo1.maven.org/maven2/org/scalameta/mtags_2.13.18/1.5.2/mtags_2.13.18-1.5.2.pom
2026.03.18 22:17:24 ERROR Error downloading Dependency{module=Module(org.scalameta, mtags_2.13.18), version='1.5.2', exclusions=[], configuration='', publication=null, transitive=true, overrides={}}
coursierapi.error.SimpleResolutionError$1: Error downloading org.scalameta:mtags_2.13.18:1.5.2
  not found: /home/joe/.ivy2/local/org.scalameta/mtags_2.13.18/1.5.2/ivys/ivy.xml
  not found: https://repo1.maven.org/maven2/org/scalameta/mtags_2.13.18/1.5.2/mtags_2.13.18-1.5.2.pom
  not found: /home/joe/.m2/repository/org/scalameta/mtags_2.13.18/1.5.2/mtags_2.13.18-1.5.2.pom
  not found: https://oss.sonatype.org/content/repositories/public/org/scalameta/mtags_2.13.18/1.5.2/mtags_2.13.18-1.5.2.pom
  not found: https://oss.sonatype.org/content/repositories/snapshots/org/scalameta/mtags_2.13.18/1.5.2/mtags_2.13.18-1.5.2.pom
	at coursierapi.error.SimpleResolutionError.of(SimpleResolutionError.java:11)
	at coursierapi.shaded.coursier.internal.api.ApiHelper$.simpleResError(ApiHelper.scala:451)
	at coursierapi.shaded.coursier.internal.api.ApiHelper$.doFetch(ApiHelper.scala:495)
	at coursierapi.shaded.coursier.internal.api.ApiHelper.doFetch(ApiHelper.scala)
	at coursierapi.Fetch.fetchResult(Fetch.java:239)
	at coursierapi.Fetch.fetch(Fetch.java:234)
	at scala.meta.internal.metals.Embedded$.downloadDependency(Embedded.scala:404)
	at scala.meta.internal.metals.Embedded$.downloadMtags(Embedded.scala:453)
	at scala.meta.internal.metals.MtagsResolver$Default.$anonfun$resolve$3(MtagsResolver.scala:166)
	at scala.concurrent.Future$.$anonfun$apply$1(Future.scala:687)
	at scala.concurrent.impl.Promise$Transformation.run(Promise.scala:467)
	at java.util.concurrent.ThreadPoolExecutor.runWorker(ThreadPoolExecutor.java:1090)
	at java.util.concurrent.ThreadPoolExecutor$Worker.run(ThreadPoolExecutor.java:614)
	at java.lang.Thread.run(Thread.java:1474)

2026.03.18 22:17:24 INFO  Found coursier in path under /home/joe/.local/share/coursier/bin/cs, using it to fetch dependency
2026.03.18 22:17:24 ERROR Downloading https://repo1.maven.org/maven2/org/scalameta/mtags_2.13.18/1.5.2/mtags_2.13.18-1.5.2.pom
2026.03.18 22:17:24 ERROR Failed to download https://repo1.maven.org/maven2/org/scalameta/mtags_2.13.18/1.5.2/mtags_2.13.18-1.5.2.pom
2026.03.18 22:17:24 ERROR Downloading https://repo1.maven.org/maven2/org/scalameta/mtags_2.13.18/1.5.2/mtags_2.13.18-1.5.2.pom.sha1
2026.03.18 22:17:24 ERROR Failed to download https://repo1.maven.org/maven2/org/scalameta/mtags_2.13.18/1.5.2/mtags_2.13.18-1.5.2.pom.sha1
2026.03.18 22:17:24 ERROR Resolution error: Error downloading org.scalameta:mtags_2.13.18:1.5.2
2026.03.18 22:17:24 ERROR   not found: /home/joe/.ivy2/local/org.scalameta/mtags_2.13.18/1.5.2/ivys/ivy.xml
2026.03.18 22:17:24 ERROR   not found: https://repo1.maven.org/maven2/org/scalameta/mtags_2.13.18/1.5.2/mtags_2.13.18-1.5.2.pom
2026.03.18 22:17:24 ERROR Error downloading Dependency{module=Module(org.scalameta, mtags_2.13.18), version='1.5.2', exclusions=[], configuration='', publication=null, transitive=true, overrides={}}
coursierapi.error.SimpleResolutionError$1: Error downloading org.scalameta:mtags_2.13.18:1.5.2
  not found: /home/joe/.ivy2/local/org.scalameta/mtags_2.13.18/1.5.2/ivys/ivy.xml
  not found: https://repo1.maven.org/maven2/org/scalameta/mtags_2.13.18/1.5.2/mtags_2.13.18-1.5.2.pom
  not found: /home/joe/.m2/repository/org/scalameta/mtags_2.13.18/1.5.2/mtags_2.13.18-1.5.2.pom
  not found: https://oss.sonatype.org/content/repositories/public/org/scalameta/mtags_2.13.18/1.5.2/mtags_2.13.18-1.5.2.pom
  not found: https://oss.sonatype.org/content/repositories/snapshots/org/scalameta/mtags_2.13.18/1.5.2/mtags_2.13.18-1.5.2.pom
	at coursierapi.error.SimpleResolutionError.of(SimpleResolutionError.java:11)
	at coursierapi.shaded.coursier.internal.api.ApiHelper$.simpleResError(ApiHelper.scala:451)
	at coursierapi.shaded.coursier.internal.api.ApiHelper$.doFetch(ApiHelper.scala:495)
	at coursierapi.shaded.coursier.internal.api.ApiHelper.doFetch(ApiHelper.scala)
	at coursierapi.Fetch.fetchResult(Fetch.java:239)
	at coursierapi.Fetch.fetch(Fetch.java:234)
	at scala.meta.internal.metals.Embedded$.downloadDependency(Embedded.scala:404)
	at scala.meta.internal.metals.Embedded$.downloadMtags(Embedded.scala:453)
	at scala.meta.internal.metals.MtagsResolver$Default.$anonfun$resolve$3(MtagsResolver.scala:166)
	at scala.concurrent.Future$.$anonfun$apply$1(Future.scala:687)
	at scala.concurrent.impl.Promise$Transformation.run(Promise.scala:467)
	at java.util.concurrent.ThreadPoolExecutor.runWorker(ThreadPoolExecutor.java:1090)
	at java.util.concurrent.ThreadPoolExecutor$Worker.run(ThreadPoolExecutor.java:614)
	at java.lang.Thread.run(Thread.java:1474)

2026.03.18 22:17:24 INFO  Found coursier in path under /home/joe/.local/share/coursier/bin/cs, using it to fetch dependency
2026.03.18 22:17:25 ERROR Downloading https://repo1.maven.org/maven2/org/scalameta/mtags_2.13.18/1.5.2/mtags_2.13.18-1.5.2.pom
2026.03.18 22:17:25 ERROR Failed to download https://repo1.maven.org/maven2/org/scalameta/mtags_2.13.18/1.5.2/mtags_2.13.18-1.5.2.pom
2026.03.18 22:17:25 ERROR Downloading https://repo1.maven.org/maven2/org/scalameta/mtags_2.13.18/1.5.2/mtags_2.13.18-1.5.2.pom.sha1
2026.03.18 22:17:25 ERROR Failed to download https://repo1.maven.org/maven2/org/scalameta/mtags_2.13.18/1.5.2/mtags_2.13.18-1.5.2.pom.sha1
2026.03.18 22:17:25 ERROR Resolution error: Error downloading org.scalameta:mtags_2.13.18:1.5.2
2026.03.18 22:17:25 ERROR   not found: /home/joe/.ivy2/local/org.scalameta/mtags_2.13.18/1.5.2/ivys/ivy.xml
2026.03.18 22:17:25 ERROR   not found: https://repo1.maven.org/maven2/org/scalameta/mtags_2.13.18/1.5.2/mtags_2.13.18-1.5.2.pom
2026.03.18 22:17:25 ERROR Failed to resolve mtags for 2.13.18
coursierapi.error.SimpleResolutionError$1: Error downloading org.scalameta:mtags_2.13.18:1.5.2
  not found: /home/joe/.ivy2/local/org.scalameta/mtags_2.13.18/1.5.2/ivys/ivy.xml
  not found: https://repo1.maven.org/maven2/org/scalameta/mtags_2.13.18/1.5.2/mtags_2.13.18-1.5.2.pom
  not found: /home/joe/.m2/repository/org/scalameta/mtags_2.13.18/1.5.2/mtags_2.13.18-1.5.2.pom
  not found: https://oss.sonatype.org/content/repositories/public/org/scalameta/mtags_2.13.18/1.5.2/mtags_2.13.18-1.5.2.pom
  not found: https://oss.sonatype.org/content/repositories/snapshots/org/scalameta/mtags_2.13.18/1.5.2/mtags_2.13.18-1.5.2.pom
	at coursierapi.error.SimpleResolutionError.of(SimpleResolutionError.java:11)
	at coursierapi.shaded.coursier.internal.api.ApiHelper$.simpleResError(ApiHelper.scala:451)
	at coursierapi.shaded.coursier.internal.api.ApiHelper$.doFetch(ApiHelper.scala:495)
	at coursierapi.shaded.coursier.internal.api.ApiHelper.doFetch(ApiHelper.scala)
	at coursierapi.Fetch.fetchResult(Fetch.java:239)
	at coursierapi.Fetch.fetch(Fetch.java:234)
	at scala.meta.internal.metals.Embedded$.downloadDependency(Embedded.scala:404)
	at scala.meta.internal.metals.Embedded$.downloadMtags(Embedded.scala:453)
	at scala.meta.internal.metals.MtagsResolver$Default.$anonfun$resolve$3(MtagsResolver.scala:166)
	at scala.concurrent.Future$.$anonfun$apply$1(Future.scala:687)
	at scala.concurrent.impl.Promise$Transformation.run(Promise.scala:467)
	at java.util.concurrent.ThreadPoolExecutor.runWorker(ThreadPoolExecutor.java:1090)
	at java.util.concurrent.ThreadPoolExecutor$Worker.run(ThreadPoolExecutor.java:614)
	at java.lang.Thread.run(Thread.java:1474)

2026.03.18 22:17:26 ERROR Error downloading Dependency{module=Module(org.scalameta, mtags_2.12.21), version='1.5.2', exclusions=[], configuration='', publication=null, transitive=true, overrides={}}
coursierapi.error.SimpleResolutionError$1: Error downloading org.scalameta:mtags_2.12.21:1.5.2
  not found: /home/joe/.ivy2/local/org.scalameta/mtags_2.12.21/1.5.2/ivys/ivy.xml
  not found: https://repo1.maven.org/maven2/org/scalameta/mtags_2.12.21/1.5.2/mtags_2.12.21-1.5.2.pom
  not found: /home/joe/.m2/repository/org/scalameta/mtags_2.12.21/1.5.2/mtags_2.12.21-1.5.2.pom
  not found: https://oss.sonatype.org/content/repositories/public/org/scalameta/mtags_2.12.21/1.5.2/mtags_2.12.21-1.5.2.pom
  not found: https://oss.sonatype.org/content/repositories/snapshots/org/scalameta/mtags_2.12.21/1.5.2/mtags_2.12.21-1.5.2.pom
	at coursierapi.error.SimpleResolutionError.of(SimpleResolutionError.java:11)
	at coursierapi.shaded.coursier.internal.api.ApiHelper$.simpleResError(ApiHelper.scala:451)
	at coursierapi.shaded.coursier.internal.api.ApiHelper$.doFetch(ApiHelper.scala:495)
	at coursierapi.shaded.coursier.internal.api.ApiHelper.doFetch(ApiHelper.scala)
	at coursierapi.Fetch.fetchResult(Fetch.java:239)
	at coursierapi.Fetch.fetch(Fetch.java:234)
	at scala.meta.internal.metals.Embedded$.downloadDependency(Embedded.scala:404)
	at scala.meta.internal.metals.Embedded$.downloadMtags(Embedded.scala:453)
	at scala.meta.internal.metals.MtagsResolver$Default.$anonfun$resolve$3(MtagsResolver.scala:166)
	at scala.concurrent.Future$.$anonfun$apply$1(Future.scala:687)
	at scala.concurrent.impl.Promise$Transformation.run(Promise.scala:467)
	at java.util.concurrent.ThreadPoolExecutor.runWorker(ThreadPoolExecutor.java:1090)
	at java.util.concurrent.ThreadPoolExecutor$Worker.run(ThreadPoolExecutor.java:614)
	at java.lang.Thread.run(Thread.java:1474)

2026.03.18 22:17:26 INFO  Found coursier in path under /home/joe/.local/share/coursier/bin/cs, using it to fetch dependency
2026.03.18 22:17:26 ERROR Downloading https://repo1.maven.org/maven2/org/scalameta/mtags_2.12.21/1.5.2/mtags_2.12.21-1.5.2.pom
2026.03.18 22:17:26 ERROR Failed to download https://repo1.maven.org/maven2/org/scalameta/mtags_2.12.21/1.5.2/mtags_2.12.21-1.5.2.pom
2026.03.18 22:17:26 ERROR Downloading https://repo1.maven.org/maven2/org/scalameta/mtags_2.12.21/1.5.2/mtags_2.12.21-1.5.2.pom.sha1
2026.03.18 22:17:26 ERROR Failed to download https://repo1.maven.org/maven2/org/scalameta/mtags_2.12.21/1.5.2/mtags_2.12.21-1.5.2.pom.sha1
2026.03.18 22:17:26 ERROR Resolution error: Error downloading org.scalameta:mtags_2.12.21:1.5.2
2026.03.18 22:17:26 ERROR   not found: /home/joe/.ivy2/local/org.scalameta/mtags_2.12.21/1.5.2/ivys/ivy.xml
2026.03.18 22:17:26 ERROR   not found: https://repo1.maven.org/maven2/org/scalameta/mtags_2.12.21/1.5.2/mtags_2.12.21-1.5.2.pom
2026.03.18 22:17:26 ERROR Error downloading Dependency{module=Module(org.scalameta, mtags_2.12.21), version='1.5.2', exclusions=[], configuration='', publication=null, transitive=true, overrides={}}
coursierapi.error.SimpleResolutionError$1: Error downloading org.scalameta:mtags_2.12.21:1.5.2
  not found: /home/joe/.ivy2/local/org.scalameta/mtags_2.12.21/1.5.2/ivys/ivy.xml
  not found: https://repo1.maven.org/maven2/org/scalameta/mtags_2.12.21/1.5.2/mtags_2.12.21-1.5.2.pom
  not found: /home/joe/.m2/repository/org/scalameta/mtags_2.12.21/1.5.2/mtags_2.12.21-1.5.2.pom
  not found: https://oss.sonatype.org/content/repositories/public/org/scalameta/mtags_2.12.21/1.5.2/mtags_2.12.21-1.5.2.pom
  not found: https://oss.sonatype.org/content/repositories/snapshots/org/scalameta/mtags_2.12.21/1.5.2/mtags_2.12.21-1.5.2.pom
	at coursierapi.error.SimpleResolutionError.of(SimpleResolutionError.java:11)
	at coursierapi.shaded.coursier.internal.api.ApiHelper$.simpleResError(ApiHelper.scala:451)
	at coursierapi.shaded.coursier.internal.api.ApiHelper$.doFetch(ApiHelper.scala:495)
	at coursierapi.shaded.coursier.internal.api.ApiHelper.doFetch(ApiHelper.scala)
	at coursierapi.Fetch.fetchResult(Fetch.java:239)
	at coursierapi.Fetch.fetch(Fetch.java:234)
	at scala.meta.internal.metals.Embedded$.downloadDependency(Embedded.scala:404)
	at scala.meta.internal.metals.Embedded$.downloadMtags(Embedded.scala:453)
	at scala.meta.internal.metals.MtagsResolver$Default.$anonfun$resolve$3(MtagsResolver.scala:166)
	at scala.concurrent.Future$.$anonfun$apply$1(Future.scala:687)
	at scala.concurrent.impl.Promise$Transformation.run(Promise.scala:467)
	at java.util.concurrent.ThreadPoolExecutor.runWorker(ThreadPoolExecutor.java:1090)
	at java.util.concurrent.ThreadPoolExecutor$Worker.run(ThreadPoolExecutor.java:614)
	at java.lang.Thread.run(Thread.java:1474)

2026.03.18 22:17:26 INFO  Found coursier in path under /home/joe/.local/share/coursier/bin/cs, using it to fetch dependency
2026.03.18 22:17:27 ERROR Downloading https://repo1.maven.org/maven2/org/scalameta/mtags_2.12.21/1.5.2/mtags_2.12.21-1.5.2.pom
2026.03.18 22:17:27 ERROR Failed to download https://repo1.maven.org/maven2/org/scalameta/mtags_2.12.21/1.5.2/mtags_2.12.21-1.5.2.pom
2026.03.18 22:17:27 ERROR Downloading https://repo1.maven.org/maven2/org/scalameta/mtags_2.12.21/1.5.2/mtags_2.12.21-1.5.2.pom.sha1
2026.03.18 22:17:27 ERROR Failed to download https://repo1.maven.org/maven2/org/scalameta/mtags_2.12.21/1.5.2/mtags_2.12.21-1.5.2.pom.sha1
2026.03.18 22:17:27 ERROR Resolution error: Error downloading org.scalameta:mtags_2.12.21:1.5.2
2026.03.18 22:17:27 ERROR   not found: /home/joe/.ivy2/local/org.scalameta/mtags_2.12.21/1.5.2/ivys/ivy.xml
2026.03.18 22:17:27 ERROR   not found: https://repo1.maven.org/maven2/org/scalameta/mtags_2.12.21/1.5.2/mtags_2.12.21-1.5.2.pom
2026.03.18 22:17:27 ERROR Error downloading Dependency{module=Module(org.scalameta, mtags_2.12.21), version='1.5.2', exclusions=[], configuration='', publication=null, transitive=true, overrides={}}
coursierapi.error.SimpleResolutionError$1: Error downloading org.scalameta:mtags_2.12.21:1.5.2
  not found: /home/joe/.ivy2/local/org.scalameta/mtags_2.12.21/1.5.2/ivys/ivy.xml
  not found: https://repo1.maven.org/maven2/org/scalameta/mtags_2.12.21/1.5.2/mtags_2.12.21-1.5.2.pom
  not found: /home/joe/.m2/repository/org/scalameta/mtags_2.12.21/1.5.2/mtags_2.12.21-1.5.2.pom
  not found: https://oss.sonatype.org/content/repositories/public/org/scalameta/mtags_2.12.21/1.5.2/mtags_2.12.21-1.5.2.pom
  not found: https://oss.sonatype.org/content/repositories/snapshots/org/scalameta/mtags_2.12.21/1.5.2/mtags_2.12.21-1.5.2.pom
	at coursierapi.error.SimpleResolutionError.of(SimpleResolutionError.java:11)
	at coursierapi.shaded.coursier.internal.api.ApiHelper$.simpleResError(ApiHelper.scala:451)
	at coursierapi.shaded.coursier.internal.api.ApiHelper$.doFetch(ApiHelper.scala:495)
	at coursierapi.shaded.coursier.internal.api.ApiHelper.doFetch(ApiHelper.scala)
	at coursierapi.Fetch.fetchResult(Fetch.java:239)
	at coursierapi.Fetch.fetch(Fetch.java:234)
	at scala.meta.internal.metals.Embedded$.downloadDependency(Embedded.scala:404)
	at scala.meta.internal.metals.Embedded$.downloadMtags(Embedded.scala:453)
	at scala.meta.internal.metals.MtagsResolver$Default.$anonfun$resolve$3(MtagsResolver.scala:166)
	at scala.concurrent.Future$.$anonfun$apply$1(Future.scala:687)
	at scala.concurrent.impl.Promise$Transformation.run(Promise.scala:467)
	at java.util.concurrent.ThreadPoolExecutor.runWorker(ThreadPoolExecutor.java:1090)
	at java.util.concurrent.ThreadPoolExecutor$Worker.run(ThreadPoolExecutor.java:614)
	at java.lang.Thread.run(Thread.java:1474)

2026.03.18 22:17:27 INFO  Found coursier in path under /home/joe/.local/share/coursier/bin/cs, using it to fetch dependency
2026.03.18 22:17:27 ERROR Downloading https://repo1.maven.org/maven2/org/scalameta/mtags_2.12.21/1.5.2/mtags_2.12.21-1.5.2.pom
2026.03.18 22:17:27 ERROR Failed to download https://repo1.maven.org/maven2/org/scalameta/mtags_2.12.21/1.5.2/mtags_2.12.21-1.5.2.pom
2026.03.18 22:17:27 ERROR Downloading https://repo1.maven.org/maven2/org/scalameta/mtags_2.12.21/1.5.2/mtags_2.12.21-1.5.2.pom.sha1
2026.03.18 22:17:27 ERROR Failed to download https://repo1.maven.org/maven2/org/scalameta/mtags_2.12.21/1.5.2/mtags_2.12.21-1.5.2.pom.sha1
2026.03.18 22:17:27 ERROR Resolution error: Error downloading org.scalameta:mtags_2.12.21:1.5.2
2026.03.18 22:17:27 ERROR   not found: /home/joe/.ivy2/local/org.scalameta/mtags_2.12.21/1.5.2/ivys/ivy.xml
2026.03.18 22:17:27 ERROR   not found: https://repo1.maven.org/maven2/org/scalameta/mtags_2.12.21/1.5.2/mtags_2.12.21-1.5.2.pom
2026.03.18 22:17:27 ERROR Error downloading Dependency{module=Module(org.scalameta, mtags_2.12.21), version='1.5.2', exclusions=[], configuration='', publication=null, transitive=true, overrides={}}
coursierapi.error.SimpleResolutionError$1: Error downloading org.scalameta:mtags_2.12.21:1.5.2
  not found: /home/joe/.ivy2/local/org.scalameta/mtags_2.12.21/1.5.2/ivys/ivy.xml
  not found: https://repo1.maven.org/maven2/org/scalameta/mtags_2.12.21/1.5.2/mtags_2.12.21-1.5.2.pom
  not found: /home/joe/.m2/repository/org/scalameta/mtags_2.12.21/1.5.2/mtags_2.12.21-1.5.2.pom
  not found: https://oss.sonatype.org/content/repositories/public/org/scalameta/mtags_2.12.21/1.5.2/mtags_2.12.21-1.5.2.pom
  not found: https://oss.sonatype.org/content/repositories/snapshots/org/scalameta/mtags_2.12.21/1.5.2/mtags_2.12.21-1.5.2.pom
	at coursierapi.error.SimpleResolutionError.of(SimpleResolutionError.java:11)
	at coursierapi.shaded.coursier.internal.api.ApiHelper$.simpleResError(ApiHelper.scala:451)
	at coursierapi.shaded.coursier.internal.api.ApiHelper$.doFetch(ApiHelper.scala:495)
	at coursierapi.shaded.coursier.internal.api.ApiHelper.doFetch(ApiHelper.scala)
	at coursierapi.Fetch.fetchResult(Fetch.java:239)
	at coursierapi.Fetch.fetch(Fetch.java:234)
	at scala.meta.internal.metals.Embedded$.downloadDependency(Embedded.scala:404)
	at scala.meta.internal.metals.Embedded$.downloadMtags(Embedded.scala:453)
	at scala.meta.internal.metals.MtagsResolver$Default.$anonfun$resolve$3(MtagsResolver.scala:166)
	at scala.concurrent.Future$.$anonfun$apply$1(Future.scala:687)
	at scala.concurrent.impl.Promise$Transformation.run(Promise.scala:467)
	at java.util.concurrent.ThreadPoolExecutor.runWorker(ThreadPoolExecutor.java:1090)
	at java.util.concurrent.ThreadPoolExecutor$Worker.run(ThreadPoolExecutor.java:614)
	at java.lang.Thread.run(Thread.java:1474)

2026.03.18 22:17:27 INFO  Found coursier in path under /home/joe/.local/share/coursier/bin/cs, using it to fetch dependency
2026.03.18 22:17:28 ERROR Downloading https://repo1.maven.org/maven2/org/scalameta/mtags_2.12.21/1.5.2/mtags_2.12.21-1.5.2.pom
2026.03.18 22:17:28 ERROR Failed to download https://repo1.maven.org/maven2/org/scalameta/mtags_2.12.21/1.5.2/mtags_2.12.21-1.5.2.pom
2026.03.18 22:17:28 ERROR Downloading https://repo1.maven.org/maven2/org/scalameta/mtags_2.12.21/1.5.2/mtags_2.12.21-1.5.2.pom.sha1
2026.03.18 22:17:28 ERROR Failed to download https://repo1.maven.org/maven2/org/scalameta/mtags_2.12.21/1.5.2/mtags_2.12.21-1.5.2.pom.sha1
2026.03.18 22:17:28 ERROR Resolution error: Error downloading org.scalameta:mtags_2.12.21:1.5.2
2026.03.18 22:17:28 ERROR   not found: /home/joe/.ivy2/local/org.scalameta/mtags_2.12.21/1.5.2/ivys/ivy.xml
2026.03.18 22:17:28 ERROR   not found: https://repo1.maven.org/maven2/org/scalameta/mtags_2.12.21/1.5.2/mtags_2.12.21-1.5.2.pom
2026.03.18 22:17:29 ERROR Error downloading Dependency{module=Module(org.scalameta, mtags_2.12.21), version='1.5.2', exclusions=[], configuration='', publication=null, transitive=true, overrides={}}
coursierapi.error.SimpleResolutionError$1: Error downloading org.scalameta:mtags_2.12.21:1.5.2
  not found: /home/joe/.ivy2/local/org.scalameta/mtags_2.12.21/1.5.2/ivys/ivy.xml
  not found: https://repo1.maven.org/maven2/org/scalameta/mtags_2.12.21/1.5.2/mtags_2.12.21-1.5.2.pom
  not found: /home/joe/.m2/repository/org/scalameta/mtags_2.12.21/1.5.2/mtags_2.12.21-1.5.2.pom
  not found: https://oss.sonatype.org/content/repositories/public/org/scalameta/mtags_2.12.21/1.5.2/mtags_2.12.21-1.5.2.pom
  not found: https://oss.sonatype.org/content/repositories/snapshots/org/scalameta/mtags_2.12.21/1.5.2/mtags_2.12.21-1.5.2.pom
	at coursierapi.error.SimpleResolutionError.of(SimpleResolutionError.java:11)
	at coursierapi.shaded.coursier.internal.api.ApiHelper$.simpleResError(ApiHelper.scala:451)
	at coursierapi.shaded.coursier.internal.api.ApiHelper$.doFetch(ApiHelper.scala:495)
	at coursierapi.shaded.coursier.internal.api.ApiHelper.doFetch(ApiHelper.scala)
	at coursierapi.Fetch.fetchResult(Fetch.java:239)
	at coursierapi.Fetch.fetch(Fetch.java:234)
	at scala.meta.internal.metals.Embedded$.downloadDependency(Embedded.scala:404)
	at scala.meta.internal.metals.Embedded$.downloadMtags(Embedded.scala:453)
	at scala.meta.internal.metals.MtagsResolver$Default.$anonfun$resolve$3(MtagsResolver.scala:166)
	at scala.concurrent.Future$.$anonfun$apply$1(Future.scala:687)
	at scala.concurrent.impl.Promise$Transformation.run(Promise.scala:467)
	at java.util.concurrent.ThreadPoolExecutor.runWorker(ThreadPoolExecutor.java:1090)
	at java.util.concurrent.ThreadPoolExecutor$Worker.run(ThreadPoolExecutor.java:614)
	at java.lang.Thread.run(Thread.java:1474)

2026.03.18 22:17:29 INFO  Found coursier in path under /home/joe/.local/share/coursier/bin/cs, using it to fetch dependency
2026.03.18 22:17:29 ERROR Downloading https://repo1.maven.org/maven2/org/scalameta/mtags_2.12.21/1.5.2/mtags_2.12.21-1.5.2.pom
2026.03.18 22:17:29 ERROR Failed to download https://repo1.maven.org/maven2/org/scalameta/mtags_2.12.21/1.5.2/mtags_2.12.21-1.5.2.pom
2026.03.18 22:17:29 ERROR Downloading https://repo1.maven.org/maven2/org/scalameta/mtags_2.12.21/1.5.2/mtags_2.12.21-1.5.2.pom.sha1
2026.03.18 22:17:29 ERROR Failed to download https://repo1.maven.org/maven2/org/scalameta/mtags_2.12.21/1.5.2/mtags_2.12.21-1.5.2.pom.sha1
2026.03.18 22:17:29 ERROR Resolution error: Error downloading org.scalameta:mtags_2.12.21:1.5.2
2026.03.18 22:17:29 ERROR   not found: /home/joe/.ivy2/local/org.scalameta/mtags_2.12.21/1.5.2/ivys/ivy.xml
2026.03.18 22:17:29 ERROR   not found: https://repo1.maven.org/maven2/org/scalameta/mtags_2.12.21/1.5.2/mtags_2.12.21-1.5.2.pom
2026.03.18 22:17:29 ERROR Error downloading Dependency{module=Module(org.scalameta, mtags_2.12.21), version='1.5.2', exclusions=[], configuration='', publication=null, transitive=true, overrides={}}
coursierapi.error.SimpleResolutionError$1: Error downloading org.scalameta:mtags_2.12.21:1.5.2
  not found: /home/joe/.ivy2/local/org.scalameta/mtags_2.12.21/1.5.2/ivys/ivy.xml
  not found: https://repo1.maven.org/maven2/org/scalameta/mtags_2.12.21/1.5.2/mtags_2.12.21-1.5.2.pom
  not found: /home/joe/.m2/repository/org/scalameta/mtags_2.12.21/1.5.2/mtags_2.12.21-1.5.2.pom
  not found: https://oss.sonatype.org/content/repositories/public/org/scalameta/mtags_2.12.21/1.5.2/mtags_2.12.21-1.5.2.pom
  not found: https://oss.sonatype.org/content/repositories/snapshots/org/scalameta/mtags_2.12.21/1.5.2/mtags_2.12.21-1.5.2.pom
	at coursierapi.error.SimpleResolutionError.of(SimpleResolutionError.java:11)
	at coursierapi.shaded.coursier.internal.api.ApiHelper$.simpleResError(ApiHelper.scala:451)
	at coursierapi.shaded.coursier.internal.api.ApiHelper$.doFetch(ApiHelper.scala:495)
	at coursierapi.shaded.coursier.internal.api.ApiHelper.doFetch(ApiHelper.scala)
	at coursierapi.Fetch.fetchResult(Fetch.java:239)
	at coursierapi.Fetch.fetch(Fetch.java:234)
	at scala.meta.internal.metals.Embedded$.downloadDependency(Embedded.scala:404)
	at scala.meta.internal.metals.Embedded$.downloadMtags(Embedded.scala:453)
	at scala.meta.internal.metals.MtagsResolver$Default.$anonfun$resolve$3(MtagsResolver.scala:166)
	at scala.concurrent.Future$.$anonfun$apply$1(Future.scala:687)
	at scala.concurrent.impl.Promise$Transformation.run(Promise.scala:467)
	at java.util.concurrent.ThreadPoolExecutor.runWorker(ThreadPoolExecutor.java:1090)
	at java.util.concurrent.ThreadPoolExecutor$Worker.run(ThreadPoolExecutor.java:614)
	at java.lang.Thread.run(Thread.java:1474)

2026.03.18 22:17:29 INFO  Found coursier in path under /home/joe/.local/share/coursier/bin/cs, using it to fetch dependency
2026.03.18 22:17:30 ERROR Downloading https://repo1.maven.org/maven2/org/scalameta/mtags_2.12.21/1.5.2/mtags_2.12.21-1.5.2.pom
2026.03.18 22:17:30 ERROR Failed to download https://repo1.maven.org/maven2/org/scalameta/mtags_2.12.21/1.5.2/mtags_2.12.21-1.5.2.pom
2026.03.18 22:17:30 ERROR Downloading https://repo1.maven.org/maven2/org/scalameta/mtags_2.12.21/1.5.2/mtags_2.12.21-1.5.2.pom.sha1
2026.03.18 22:17:30 ERROR Failed to download https://repo1.maven.org/maven2/org/scalameta/mtags_2.12.21/1.5.2/mtags_2.12.21-1.5.2.pom.sha1
2026.03.18 22:17:30 ERROR Resolution error: Error downloading org.scalameta:mtags_2.12.21:1.5.2
2026.03.18 22:17:30 ERROR   not found: /home/joe/.ivy2/local/org.scalameta/mtags_2.12.21/1.5.2/ivys/ivy.xml
2026.03.18 22:17:30 ERROR   not found: https://repo1.maven.org/maven2/org/scalameta/mtags_2.12.21/1.5.2/mtags_2.12.21-1.5.2.pom
2026.03.18 22:17:30 ERROR Failed to resolve mtags for 2.12.21
coursierapi.error.SimpleResolutionError$1: Error downloading org.scalameta:mtags_2.12.21:1.5.2
  not found: /home/joe/.ivy2/local/org.scalameta/mtags_2.12.21/1.5.2/ivys/ivy.xml
  not found: https://repo1.maven.org/maven2/org/scalameta/mtags_2.12.21/1.5.2/mtags_2.12.21-1.5.2.pom
  not found: /home/joe/.m2/repository/org/scalameta/mtags_2.12.21/1.5.2/mtags_2.12.21-1.5.2.pom
  not found: https://oss.sonatype.org/content/repositories/public/org/scalameta/mtags_2.12.21/1.5.2/mtags_2.12.21-1.5.2.pom
  not found: https://oss.sonatype.org/content/repositories/snapshots/org/scalameta/mtags_2.12.21/1.5.2/mtags_2.12.21-1.5.2.pom
	at coursierapi.error.SimpleResolutionError.of(SimpleResolutionError.java:11)
	at coursierapi.shaded.coursier.internal.api.ApiHelper$.simpleResError(ApiHelper.scala:451)
	at coursierapi.shaded.coursier.internal.api.ApiHelper$.doFetch(ApiHelper.scala:495)
	at coursierapi.shaded.coursier.internal.api.ApiHelper.doFetch(ApiHelper.scala)
	at coursierapi.Fetch.fetchResult(Fetch.java:239)
	at coursierapi.Fetch.fetch(Fetch.java:234)
	at scala.meta.internal.metals.Embedded$.downloadDependency(Embedded.scala:404)
	at scala.meta.internal.metals.Embedded$.downloadMtags(Embedded.scala:453)
	at scala.meta.internal.metals.MtagsResolver$Default.$anonfun$resolve$3(MtagsResolver.scala:166)
	at scala.concurrent.Future$.$anonfun$apply$1(Future.scala:687)
	at scala.concurrent.impl.Promise$Transformation.run(Promise.scala:467)
	at java.util.concurrent.ThreadPoolExecutor.runWorker(ThreadPoolExecutor.java:1090)
	at java.util.concurrent.ThreadPoolExecutor$Worker.run(ThreadPoolExecutor.java:614)
	at java.lang.Thread.run(Thread.java:1474)

2026.03.18 22:17:31 WARN  Could not find java sources in /usr/lib/jvm/src.zip, /usr/lib/jvm/lib/src.zip, /usr/lib/jvm/java-25-openjdk/src.zip, /usr/lib/jvm/java-25-openjdk/lib/src.zip. Java symbols will not be available.
2026.03.18 22:17:31 INFO  time: indexed workspace in 11s
2026.03.18 22:17:31 WARN  no build target for: /home/joe/projects/site/backend/build.sc
2026.03.18 22:17:31 ERROR Unexpected error initializing server: 
java.lang.UnsupportedOperationException
	at org.eclipse.lsp4j.services.LanguageClient.refreshSemanticTokens(LanguageClient.java:193)
	at scala.meta.internal.metals.clients.language.ConfiguredLanguageClient.refreshSemanticTokens(ConfiguredLanguageClient.scala:131)
	at scala.meta.internal.metals.MetalsLspService.$anonfun$onWorksheetChanged$4(MetalsLspService.scala:1568)
	at scala.concurrent.impl.Promise$Transformation.run(Promise.scala:470)
	at java.util.concurrent.ThreadPoolExecutor.runWorker(ThreadPoolExecutor.java:1090)
	at java.util.concurrent.ThreadPoolExecutor$Worker.run(ThreadPoolExecutor.java:614)
	at java.lang.Thread.run(Thread.java:1474)

java.lang.UnsupportedOperationException
	at org.eclipse.lsp4j.services.LanguageClient.refreshCodeLenses(LanguageClient.java:208)
	at scala.meta.internal.metals.clients.language.ConfiguredLanguageClient.refreshModel(ConfiguredLanguageClient.scala:119)
	at scala.meta.internal.metals.Indexer.$anonfun$indexWorkspace$23(Indexer.scala:224)
	at scala.util.Success.foreach(Try.scala:268)
	at scala.concurrent.impl.Promise$Transformation.run(Promise.scala:481)
	at java.base/java.util.concurrent.ThreadPoolExecutor.runWorker(ThreadPoolExecutor.java:1090)
	at java.base/java.util.concurrent.ThreadPoolExecutor$Worker.run(ThreadPoolExecutor.java:614)
	at java.base/java.lang.Thread.run(Thread.java:1474)
2026.03.18 22:18:35 INFO  Shutting down server
2026.03.18 22:18:35 INFO  shutting down Metals
2026.03.18 22:18:35 INFO  Shut down connection with build server.
2026.03.18 22:18:35 INFO  Shut down connection with build server.
2026.03.18 22:18:35 INFO  Shut down connection with build server.
Mar 18, 2026 10:18:35 PM io.undertow.Undertow stop
INFO: stopping server: Undertow - 2.2.20.Final
